Archive member included to satisfy reference by file (symbol)

c:/st/stm32cubeide_1.10.1/stm32cubeide/plugins/com.st.stm32cube.ide.mcu.externaltools.gnu-tools-for-stm32.10.3-2021.10.win32_1.0.0.202111181127/tools/bin/../lib/gcc/arm-none-eabi/10.3.1/../../../../arm-none-eabi/lib/thumb/v7e-m+fp/hard\libc_nano.a(lib_a-errno.o)
                              ./Core/Src/syscalls.o (__errno)
c:/st/stm32cubeide_1.10.1/stm32cubeide/plugins/com.st.stm32cube.ide.mcu.externaltools.gnu-tools-for-stm32.10.3-2021.10.win32_1.0.0.202111181127/tools/bin/../lib/gcc/arm-none-eabi/10.3.1/../../../../arm-none-eabi/lib/thumb/v7e-m+fp/hard\libc_nano.a(lib_a-exit.o)
                              c:/st/stm32cubeide_1.10.1/stm32cubeide/plugins/com.st.stm32cube.ide.mcu.externaltools.gnu-tools-for-stm32.10.3-2021.10.win32_1.0.0.202111181127/tools/bin/../lib/gcc/arm-none-eabi/10.3.1/../../../../arm-none-eabi/lib/thumb/v7e-m+fp/hard/crt0.o (exit)
c:/st/stm32cubeide_1.10.1/stm32cubeide/plugins/com.st.stm32cube.ide.mcu.externaltools.gnu-tools-for-stm32.10.3-2021.10.win32_1.0.0.202111181127/tools/bin/../lib/gcc/arm-none-eabi/10.3.1/../../../../arm-none-eabi/lib/thumb/v7e-m+fp/hard\libc_nano.a(lib_a-impure.o)
                              c:/st/stm32cubeide_1.10.1/stm32cubeide/plugins/com.st.stm32cube.ide.mcu.externaltools.gnu-tools-for-stm32.10.3-2021.10.win32_1.0.0.202111181127/tools/bin/../lib/gcc/arm-none-eabi/10.3.1/../../../../arm-none-eabi/lib/thumb/v7e-m+fp/hard\libc_nano.a(lib_a-exit.o) (_global_impure_ptr)
c:/st/stm32cubeide_1.10.1/stm32cubeide/plugins/com.st.stm32cube.ide.mcu.externaltools.gnu-tools-for-stm32.10.3-2021.10.win32_1.0.0.202111181127/tools/bin/../lib/gcc/arm-none-eabi/10.3.1/../../../../arm-none-eabi/lib/thumb/v7e-m+fp/hard\libc_nano.a(lib_a-init.o)
                              c:/st/stm32cubeide_1.10.1/stm32cubeide/plugins/com.st.stm32cube.ide.mcu.externaltools.gnu-tools-for-stm32.10.3-2021.10.win32_1.0.0.202111181127/tools/bin/../lib/gcc/arm-none-eabi/10.3.1/../../../../arm-none-eabi/lib/thumb/v7e-m+fp/hard/crt0.o (__libc_init_array)
c:/st/stm32cubeide_1.10.1/stm32cubeide/plugins/com.st.stm32cube.ide.mcu.externaltools.gnu-tools-for-stm32.10.3-2021.10.win32_1.0.0.202111181127/tools/bin/../lib/gcc/arm-none-eabi/10.3.1/../../../../arm-none-eabi/lib/thumb/v7e-m+fp/hard\libc_nano.a(lib_a-memset.o)
                              c:/st/stm32cubeide_1.10.1/stm32cubeide/plugins/com.st.stm32cube.ide.mcu.externaltools.gnu-tools-for-stm32.10.3-2021.10.win32_1.0.0.202111181127/tools/bin/../lib/gcc/arm-none-eabi/10.3.1/../../../../arm-none-eabi/lib/thumb/v7e-m+fp/hard/crt0.o (memset)
c:/st/stm32cubeide_1.10.1/stm32cubeide/plugins/com.st.stm32cube.ide.mcu.externaltools.gnu-tools-for-stm32.10.3-2021.10.win32_1.0.0.202111181127/tools/bin/../lib/gcc/arm-none-eabi/10.3.1/../../../../arm-none-eabi/lib/thumb/v7e-m+fp/hard\libc_nano.a(lib_a-sprintf.o)
                              ./Core/Src/main.o (sprintf)
c:/st/stm32cubeide_1.10.1/stm32cubeide/plugins/com.st.stm32cube.ide.mcu.externaltools.gnu-tools-for-stm32.10.3-2021.10.win32_1.0.0.202111181127/tools/bin/../lib/gcc/arm-none-eabi/10.3.1/../../../../arm-none-eabi/lib/thumb/v7e-m+fp/hard\libc_nano.a(lib_a-strlen.o)
                              ./Core/Src/main.o (strlen)
c:/st/stm32cubeide_1.10.1/stm32cubeide/plugins/com.st.stm32cube.ide.mcu.externaltools.gnu-tools-for-stm32.10.3-2021.10.win32_1.0.0.202111181127/tools/bin/../lib/gcc/arm-none-eabi/10.3.1/../../../../arm-none-eabi/lib/thumb/v7e-m+fp/hard\libc_nano.a(lib_a-nano-svfprintf.o)
                              c:/st/stm32cubeide_1.10.1/stm32cubeide/plugins/com.st.stm32cube.ide.mcu.externaltools.gnu-tools-for-stm32.10.3-2021.10.win32_1.0.0.202111181127/tools/bin/../lib/gcc/arm-none-eabi/10.3.1/../../../../arm-none-eabi/lib/thumb/v7e-m+fp/hard\libc_nano.a(lib_a-sprintf.o) (_svfprintf_r)
c:/st/stm32cubeide_1.10.1/stm32cubeide/plugins/com.st.stm32cube.ide.mcu.externaltools.gnu-tools-for-stm32.10.3-2021.10.win32_1.0.0.202111181127/tools/bin/../lib/gcc/arm-none-eabi/10.3.1/../../../../arm-none-eabi/lib/thumb/v7e-m+fp/hard\libc_nano.a(lib_a-nano-vfprintf_i.o)
                              c:/st/stm32cubeide_1.10.1/stm32cubeide/plugins/com.st.stm32cube.ide.mcu.externaltools.gnu-tools-for-stm32.10.3-2021.10.win32_1.0.0.202111181127/tools/bin/../lib/gcc/arm-none-eabi/10.3.1/../../../../arm-none-eabi/lib/thumb/v7e-m+fp/hard\libc_nano.a(lib_a-nano-svfprintf.o) (_printf_i)
c:/st/stm32cubeide_1.10.1/stm32cubeide/plugins/com.st.stm32cube.ide.mcu.externaltools.gnu-tools-for-stm32.10.3-2021.10.win32_1.0.0.202111181127/tools/bin/../lib/gcc/arm-none-eabi/10.3.1/../../../../arm-none-eabi/lib/thumb/v7e-m+fp/hard\libc_nano.a(lib_a-memchr.o)
[...]
Memory Configuration

Name             Origin             Length             Attributes
CCMRAM           0x0000000010000000 0x0000000000001000 xrw
RAM              0x0000000020000000 0x0000000000003000 xrw
FLASH            0x0000000008000000 0x0000000000010000 xr
*default*        0x0000000000000000 0xffffffffffffffff

Linker script and memory map

LOAD c:/st/stm32cubeide_1.10.1/stm32cubeide/plugins/com.st.stm32cube.ide.mcu.externaltools.gnu-tools-for-stm32.10.3-2021.10.win32_1.0.0.202111181127/tools/bin/../lib/gcc/arm-none-eabi/10.3.1/thumb/v7e-m+fp/hard/crti.o
LOAD c:/st/stm32cubeide_1.10.1/stm32cubeide/plugins/com.st.stm32cube.ide.mcu.externaltools.gnu-tools-for-stm32.10.3-2021.10.win32_1.0.0.202111181127/tools/bin/../lib/gcc/arm-none-eabi/10.3.1/thumb/v7e-m+fp/hard/crtbegin.o
LOAD c:/st/stm32cubeide_1.10.1/stm32cubeide/plugins/com.st.stm32cube.ide.mcu.externaltools.gnu-tools-for-stm32.10.3-2021.10.win32_1.0.0.202111181127/tools/bin/../lib/gcc/arm-none-eabi/10.3.1/../../../../arm-none-eabi/lib/thumb/v7e-m+fp/hard/crt0.o
LOAD ./Core/Src/main.o
LOAD ./Core/Src/stm32f3xx_hal_msp.o
LOAD ./Core/Src/stm32f3xx_it.o
LOAD ./Core/Src/syscalls.o
LOAD ./Core/Src/sysmem.o
LOAD ./Core/Src/system_stm32f3xx.o
LOAD ./Core/Startup/startup_stm32f303k8tx.o
LOAD ./Drivers/STM32F3xx_HAL_Driver/Src/stm32f3xx_hal.o
LOAD ./Drivers/STM32F3xx_HAL_Driver/Src/stm32f3xx_hal_can.o
LOAD ./Drivers/STM32F3xx_HAL_Driver/Src/stm32f3xx_hal_cortex.o
LOAD ./Drivers/STM32F3xx_HAL_Driver/Src/stm32f3xx_hal_dma.o
LOAD ./Drivers/STM32F3xx_HAL_Driver/Src/stm32f3xx_hal_exti.o
LOAD ./Drivers/STM32F3xx_HAL_Driver/Src/stm32f3xx_hal_flash.o
LOAD ./Drivers/STM32F3xx_HAL_Driver/Src/stm32f3xx_hal_flash_ex.o
LOAD ./Drivers/STM32F3xx_HAL_Driver/Src/stm32f3xx_hal_gpio.o
LOAD ./Drivers/STM32F3xx_HAL_Driver/Src/stm32f3xx_hal_i2c.o
LOAD ./Drivers/STM32F3xx_HAL_Driver/Src/stm32f3xx_hal_i2c_ex.o
LOAD ./Drivers/STM32F3xx_HAL_Driver/Src/stm32f3xx_hal_pwr.o
LOAD ./Drivers/STM32F3xx_HAL_Driver/Src/stm32f3xx_hal_pwr_ex.o
LOAD ./Drivers/STM32F3xx_HAL_Driver/Src/stm32f3xx_hal_rcc.o
LOAD ./Drivers/STM32F3xx_HAL_Driver/Src/stm32f3xx_hal_rcc_ex.o
LOAD ./Drivers/STM32F3xx_HAL_Driver/Src/stm32f3xx_hal_spi.o
LOAD ./Drivers/STM32F3xx_HAL_Driver/Src/stm32f3xx_hal_spi_ex.o
LOAD ./Drivers/STM32F3xx_HAL_Driver/Src/stm32f3xx_hal_tim.o
LOAD ./Drivers/STM32F3xx_HAL_Driver/Src/stm32f3xx_hal_tim_ex.o
LOAD ./Drivers/STM32F3xx_HAL_Driver/Src/stm32f3xx_hal_uart.o
LOAD ./Drivers/STM32F3xx_HAL_Driver/Src/stm32f3xx_hal_uart_ex.o
START GROUP
LOAD c:/st/stm32cubeide_1.10.1/stm32cubeide/plugins/com.st.stm32cube.ide.mcu.externaltools.gnu-tools-for-stm32.10.3-2021.10.win32_1.0.0.202111181127/tools/bin/../lib/gcc/arm-none-eabi/10.3.1/../../../../arm-none-eabi/lib/thumb/v7e-m+fp/hard\libc_nano.a
LOAD c:/st/stm32cubeide_1.10.1/stm32cubeide/plugins/com.st.stm32cube.ide.mcu.externaltools.gnu-tools-for-stm32.10.3-2021.10.win32_1.0.0.202111181127/tools/bin/../lib/gcc/arm-none-eabi/10.3.1/../../../../arm-none-eabi/lib/thumb/v7e-m+fp/hard\libm.a
END GROUP
START GROUP
LOAD c:/st/stm32cubeide_1.10.1/stm32cubeide/plugins/com.st.stm32cube.ide.mcu.externaltools.gnu-tools-for-stm32.10.3-2021.10.win32_1.0.0.202111181127/tools/bin/../lib/gcc/arm-none-eabi/10.3.1/thumb/v7e-m+fp/hard\libgcc.a
LOAD c:/st/stm32cubeide_1.10.1/stm32cubeide/plugins/com.st.stm32cube.ide.mcu.externaltools.gnu-tools-for-stm32.10.3-2021.10.win32_1.0.0.202111181127/tools/bin/../lib/gcc/arm-none-eabi/10.3.1/../../../../arm-none-eabi/lib/thumb/v7e-m+fp/hard\libc_nano.a
END GROUP
START GROUP
LOAD c:/st/stm32cubeide_1.10.1/stm32cubeide/plugins/com.st.stm32cube.ide.mcu.externaltools.gnu-tools-for-stm32.10.3-2021.10.win32_1.0.0.202111181127/tools/bin/../lib/gcc/arm-none-eabi/10.3.1/thumb/v7e-m+fp/hard\libgcc.a
LOAD c:/st/stm32cubeide_1.10.1/stm32cubeide/plugins/com.st.stm32cube.ide.mcu.externaltools.gnu-tools-for-stm32.10.3-2021.10.win32_1.0.0.202111181127/tools/bin/../lib/gcc/arm-none-eabi/10.3.1/../../../../arm-none-eabi/lib/thumb/v7e-m+fp/hard\libc_nano.a
LOAD c:/st/stm32cubeide_1.10.1/stm32cubeide/plugins/com.st.stm32cube.ide.mcu.externaltools.gnu-tools-for-stm32.10.3-2021.10.win32_1.0.0.202111181127/tools/bin/../lib/gcc/arm-none-eabi/10.3.1/../../../../arm-none-eabi/lib/thumb/v7e-m+fp/hard\libnosys.a
END GROUP
START GROUP
LOAD c:/st/stm32cubeide_1.10.1/stm32cubeide/plugins/com.st.stm32cube.ide.mcu.externaltools.gnu-tools-for-stm32.10.3-2021.10.win32_1.0.0.202111181127/tools/bin/../lib/gcc/arm-none-eabi/10.3.1/thumb/v7e-m+fp/hard\libgcc.a
LOAD c:/st/stm32cubeide_1.10.1/stm32cubeide/plugins/com.st.stm32cube.ide.mcu.externaltools.gnu-tools-for-stm32.10.3-2021.10.win32_1.0.0.202111181127/tools/bin/../lib/gcc/arm-none-eabi/10.3.1/../../../../arm-none-eabi/lib/thumb/v7e-m+fp/hard\libc_nano.a
LOAD c:/st/stm32cubeide_1.10.1/stm32cubeide/plugins/com.st.stm32cube.ide.mcu.externaltools.gnu-tools-for-stm32.10.3-2021.10.win32_1.0.0.202111181127/tools/bin/../lib/gcc/arm-none-eabi/10.3.1/../../../../arm-none-eabi/lib/thumb/v7e-m+fp/hard\libnosys.a
END GROUP
LOAD c:/st/stm32cubeide_1.10.1/stm32cubeide/plugins/com.st.stm32cube.ide.mcu.externaltools.gnu-tools-for-stm32.10.3-2021.10.win32_1.0.0.202111181127/tools/bin/../lib/gcc/arm-none-eabi/10.3.1/thumb/v7e-m+fp/hard/crtend.o
LOAD c:/st/stm32cubeide_1.10.1/stm32cubeide/plugins/com.st.stm32cube.ide.mcu.externaltools.gnu-tools-for-stm32.10.3-2021.10.win32_1.0.0.202111181127/tools/bin/../lib/gcc/arm-none-eabi/10.3.1/thumb/v7e-m+fp/hard/crtn.o
                0x0000000020003000                _estack = (ORIGIN (RAM) + LENGTH (RAM))
                0x0000000000000200                _Min_Heap_Size = 0x200
                0x0000000000000400                _Min_Stack_Size = 0x400

.isr_vector     0x0000000008000000      0x188
                0x0000000008000000                . = ALIGN (0x4)
 *(.isr_vector)
 .isr_vector    0x0000000008000000      0x188 ./Core/Startup/startup_stm32f303k8tx.o
                0x0000000008000000                g_pfnVectors
                0x0000000008000188                . = ALIGN (0x4)

.text           0x0000000008000190     0x43f8
                0x0000000008000190                . = ALIGN (0x4)
 *(.text)
 .text          0x0000000008000190       0x40 c:/st/stm32cubeide_1.10.1/stm32cubeide/plugins/com.st.stm32cube.ide.mcu.externaltools.gnu-tools-for-stm32.10.3-2021.10.win32_1.0.0.202111181127/tools/bin/../lib/gcc/arm-none-eabi/10.3.1/thumb/v7e-m+fp/hard/crtbegin.o
 .text          0x00000000080001d0       0x10 c:/st/stm32cubeide_1.10.1/stm32cubeide/plugins/com.st.stm32cube.ide.mcu.externaltools.gnu-tools-for-stm32.10.3-2021.10.win32_1.0.0.202111181127/tools/bin/../lib/gcc/arm-none-eabi/10.3.1/../../../../arm-none-eabi/lib/thumb/v7e-m+fp/hard\libc_nano.a(lib_a-strlen.o)
                0x00000000080001d0                strlen
 .text          0x00000000080001e0       0xa0 c:/st/stm32cubeide_1.10.1/stm32cubeide/plugins/com.st.stm32cube.ide.mcu.externaltools.gnu-tools-for-stm32.10.3-2021.10.win32_1.0.0.202111181127/tools/bin/../lib/gcc/arm-none-eabi/10.3.1/../../../../arm-none-eabi/lib/thumb/v7e-m+fp/hard\libc_nano.a(lib_a-memchr.o)
                0x00000000080001e0                memchr
 *(.text*)
 .text.main     0x0000000008000280      0x408 ./Core/Src/main.o
                0x0000000008000280                main
 .text.SystemClock_Config
                0x0000000008000688       0x80 ./Core/Src/main.o
                0x0000000008000688                SystemClock_Config
 .text.MX_CAN_Init
                0x0000000008000708       0x6c ./Core/Src/main.o
 .text.MX_SPI1_Init
                0x0000000008000774       0x7c ./Core/Src/main.o
 .text.MX_USART2_UART_Init
                0x00000000080007f0       0x60 ./Core/Src/main.o
 .text.MX_GPIO_Init
                0x0000000008000850       0xc0 ./Core/Src/main.o
 .text.Error_Handler
                0x0000000008000910        0xa ./Core/Src/main.o
                0x0000000008000910                Error_Handler
 *fill*         0x000000000800091a        0x2 
 .text.HAL_MspInit
                0x000000000800091c       0x48 ./Core/Src/stm32f3xx_hal_msp.o
                0x000000000800091c                HAL_MspInit
 .text.HAL_CAN_MspInit
                0x0000000008000964       0x88 ./Core/Src/stm32f3xx_hal_msp.o
                0x0000000008000964                HAL_CAN_MspInit
 .text.HAL_SPI_MspInit
                0x00000000080009ec       0x84 ./Core/Src/stm32f3xx_hal_msp.o
                0x00000000080009ec                HAL_SPI_MspInit
 .text.HAL_UART_MspInit
                0x0000000008000a70       0x88 ./Core/Src/stm32f3xx_hal_msp.o
                0x0000000008000a70                HAL_UART_MspInit
 .text.NMI_Handler
                0x0000000008000af8        0x6 ./Core/Src/stm32f3xx_it.o
                0x0000000008000af8                NMI_Handler
 .text.HardFault_Handler
                0x0000000008000afe        0x6 ./Core/Src/stm32f3xx_it.o
                0x0000000008000afe                HardFault_Handler
 .text.MemManage_Handler
                0x0000000008000b04        0x6 ./Core/Src/stm32f3xx_it.o
                0x0000000008000b04                MemManage_Handler
 .text.BusFault_Handler
                0x0000000008000b0a        0x6 ./Core/Src/stm32f3xx_it.o
                0x0000000008000b0a                BusFault_Handler
 .text.UsageFault_Handler
                0x0000000008000b10        0x6 ./Core/Src/stm32f3xx_it.o
                0x0000000008000b10                UsageFault_Handler
 .text.SVC_Handler
                0x0000000008000b16        0xe ./Core/Src/stm32f3xx_it.o
                0x0000000008000b16                SVC_Handler
 .text.DebugMon_Handler
                0x0000000008000b24        0xe ./Core/Src/stm32f3xx_it.o
                0x0000000008000b24                DebugMon_Handler
 .text.PendSV_Handler
                0x0000000008000b32        0xe ./Core/Src/stm32f3xx_it.o
                0x0000000008000b32                PendSV_Handler
 .text.SysTick_Handler
                0x0000000008000b40        0xc ./Core/Src/stm32f3xx_it.o
                0x0000000008000b40                SysTick_Handler
 .text._sbrk    0x0000000008000b4c       0x6c ./Core/Src/sysmem.o
                0x0000000008000b4c                _sbrk
 .text.SystemInit
                0x0000000008000bb8       0x24 ./Core/Src/system_stm32f3xx.o
                0x0000000008000bb8                SystemInit
 .text.Reset_Handler
                0x0000000008000bdc       0x50 ./Core/Startup/startup_stm32f303k8tx.o
                0x0000000008000bdc                Reset_Handler
 .text.Default_Handler
                0x0000000008000c2c        0x2 ./Core/Startup/startup_stm32f303k8tx.o
                0x0000000008000c2c                RTC_Alarm_IRQHandler
                0x0000000008000c2c                TIM1_CC_IRQHandler
                0x0000000008000c2c                PVD_IRQHandler
                0x0000000008000c2c                TAMP_STAMP_IRQHandler
                0x0000000008000c2c                EXTI3_IRQHandler
                0x0000000008000c2c                EXTI0_IRQHandler
                0x0000000008000c2c                FPU_IRQHandler
                0x0000000008000c2c                CAN_TX_IRQHandler
                0x0000000008000c2c                TIM1_UP_TIM16_IRQHandler
                0x0000000008000c2c                ADC1_2_IRQHandler
                0x0000000008000c2c                SPI1_IRQHandler
                0x0000000008000c2c                CAN_SCE_IRQHandler
                0x0000000008000c2c                DMA1_Channel4_IRQHandler
                0x0000000008000c2c                USART3_IRQHandler
                0x0000000008000c2c                DMA1_Channel7_IRQHandler
                0x0000000008000c2c                TIM7_DAC2_IRQHandler
                0x0000000008000c2c                CAN_RX1_IRQHandler
                0x0000000008000c2c                I2C1_EV_IRQHandler
                0x0000000008000c2c                DMA1_Channel6_IRQHandler
                0x0000000008000c2c                TIM3_IRQHandler
                0x0000000008000c2c                RCC_IRQHandler
                0x0000000008000c2c                DMA1_Channel1_IRQHandler
                0x0000000008000c2c                Default_Handler
                0x0000000008000c2c                EXTI15_10_IRQHandler
                0x0000000008000c2c                COMP2_IRQHandler
                0x0000000008000c2c                TIM6_DAC1_IRQHandler
                0x0000000008000c2c                EXTI9_5_IRQHandler
                0x0000000008000c2c                RTC_WKUP_IRQHandler
                0x0000000008000c2c                DMA1_Channel5_IRQHandler
                0x0000000008000c2c                EXTI4_IRQHandler
                0x0000000008000c2c                TIM1_TRG_COM_TIM17_IRQHandler
                0x0000000008000c2c                DMA1_Channel3_IRQHandler
                0x0000000008000c2c                WWDG_IRQHandler
                0x0000000008000c2c                TIM2_IRQHandler
                0x0000000008000c2c                EXTI1_IRQHandler
                0x0000000008000c2c                COMP4_6_IRQHandler
                0x0000000008000c2c                USART2_IRQHandler
                0x0000000008000c2c                DMA1_Channel2_IRQHandler
                0x0000000008000c2c                FLASH_IRQHandler
                0x0000000008000c2c                USART1_IRQHandler
                0x0000000008000c2c                CAN_RX0_IRQHandler
                0x0000000008000c2c                I2C1_ER_IRQHandler
                0x0000000008000c2c                EXTI2_TSC_IRQHandler
                0x0000000008000c2c                TIM1_BRK_TIM15_IRQHandler
 *fill*         0x0000000008000c2e        0x2 
 .text.HAL_Init
                0x0000000008000c30       0x2c ./Drivers/STM32F3xx_HAL_Driver/Src/stm32f3xx_hal.o
                0x0000000008000c30                HAL_Init
 .text.HAL_InitTick
                0x0000000008000c5c       0x60 ./Drivers/STM32F3xx_HAL_Driver/Src/stm32f3xx_hal.o
                0x0000000008000c5c                HAL_InitTick
 .text.HAL_IncTick
                0x0000000008000cbc       0x28 ./Drivers/STM32F3xx_HAL_Driver/Src/stm32f3xx_hal.o
                0x0000000008000cbc                HAL_IncTick
 .text.HAL_GetTick
                0x0000000008000ce4       0x18 ./Drivers/STM32F3xx_HAL_Driver/Src/stm32f3xx_hal.o
                0x0000000008000ce4                HAL_GetTick
 .text.HAL_Delay
                0x0000000008000cfc       0x48 ./Drivers/STM32F3xx_HAL_Driver/Src/stm32f3xx_hal.o
                0x0000000008000cfc                HAL_Delay
 .text.HAL_CAN_Init
                0x0000000008000d44      0x1f6 ./Drivers/STM32F3xx_HAL_Driver/Src/stm32f3xx_hal_can.o
                0x0000000008000d44                HAL_CAN_Init
 .text.HAL_CAN_Start
                0x0000000008000f3a       0x88 ./Drivers/STM32F3xx_HAL_Driver/Src/stm32f3xx_hal_can.o
                0x0000000008000f3a                HAL_CAN_Start
 .text.HAL_CAN_AddTxMessage
                0x0000000008000fc2      0x1a0 ./Drivers/STM32F3xx_HAL_Driver/Src/stm32f3xx_hal_can.o
                0x0000000008000fc2                HAL_CAN_AddTxMessage
 .text.HAL_CAN_GetTxMailboxesFreeLevel
                0x0000000008001162       0x6a ./Drivers/STM32F3xx_HAL_Driver/Src/stm32f3xx_hal_can.o
                0x0000000008001162                HAL_CAN_GetTxMailboxesFreeLevel
 .text.__NVIC_SetPriorityGrouping
                0x00000000080011cc       0x48 ./Drivers/STM32F3xx_HAL_Driver/Src/stm32f3xx_hal_cortex.o
 .text.__NVIC_GetPriorityGrouping
                0x0000000008001214       0x1c ./Drivers/STM32F3xx_HAL_Driver/Src/stm32f3xx_hal_cortex.o
 .text.__NVIC_SetPriority
                0x0000000008001230       0x54 ./Drivers/STM32F3xx_HAL_Driver/Src/stm32f3xx_hal_cortex.o
 .text.NVIC_EncodePriority
                0x0000000008001284       0x66 ./Drivers/STM32F3xx_HAL_Driver/Src/stm32f3xx_hal_cortex.o
 *fill*         0x00000000080012ea        0x2 
 .text.SysTick_Config
                0x00000000080012ec       0x44 ./Drivers/STM32F3xx_HAL_Driver/Src/stm32f3xx_hal_cortex.o
 .text.HAL_NVIC_SetPriorityGrouping
                0x0000000008001330       0x16 ./Drivers/STM32F3xx_HAL_Driver/Src/stm32f3xx_hal_cortex.o
                0x0000000008001330                HAL_NVIC_SetPriorityGrouping
 .text.HAL_NVIC_SetPriority
                0x0000000008001346       0x38 ./Drivers/STM32F3xx_HAL_Driver/Src/stm32f3xx_hal_cortex.o
                0x0000000008001346                HAL_NVIC_SetPriority
 .text.HAL_SYSTICK_Config
                0x000000000800137e       0x18 ./Drivers/STM32F3xx_HAL_Driver/Src/stm32f3xx_hal_cortex.o
                0x000000000800137e                HAL_SYSTICK_Config
 *fill*         0x0000000008001396        0x2 
 .text.HAL_GPIO_Init
                0x0000000008001398      0x2e4 ./Drivers/STM32F3xx_HAL_Driver/Src/stm32f3xx_hal_gpio.o
                0x0000000008001398                HAL_GPIO_Init
 .text.HAL_GPIO_WritePin
                0x000000000800167c       0x30 ./Drivers/STM32F3xx_HAL_Driver/Src/stm32f3xx_hal_gpio.o
                0x000000000800167c                HAL_GPIO_WritePin
 .text.HAL_RCC_OscConfig
                0x00000000080016ac     0x107c ./Drivers/STM32F3xx_HAL_Driver/Src/stm32f3xx_hal_rcc.o
                0x00000000080016ac                HAL_RCC_OscConfig
 .text.HAL_RCC_ClockConfig
                0x0000000008002728      0x2f8 ./Drivers/STM32F3xx_HAL_Driver/Src/stm32f3xx_hal_rcc.o
                0x0000000008002728                HAL_RCC_ClockConfig
 .text.HAL_RCC_GetSysClockFreq
                0x0000000008002a20       0xd4 ./Drivers/STM32F3xx_HAL_Driver/Src/stm32f3xx_hal_rcc.o
                0x0000000008002a20                HAL_RCC_GetSysClockFreq
 .text.HAL_RCC_GetHCLKFreq
                0x0000000008002af4       0x18 ./Drivers/STM32F3xx_HAL_Driver/Src/stm32f3xx_hal_rcc.o
                0x0000000008002af4                HAL_RCC_GetHCLKFreq
 .text.HAL_RCC_GetPCLK1Freq
                0x0000000008002b0c       0x44 ./Drivers/STM32F3xx_HAL_Driver/Src/stm32f3xx_hal_rcc.o
                0x0000000008002b0c                HAL_RCC_GetPCLK1Freq
 .text.HAL_RCC_GetPCLK2Freq
                0x0000000008002b50       0x44 ./Drivers/STM32F3xx_HAL_Driver/Src/stm32f3xx_hal_rcc.o
                0x0000000008002b50                HAL_RCC_GetPCLK2Freq
 .text.HAL_SPI_Init
                0x0000000008002b94      0x146 ./Drivers/STM32F3xx_HAL_Driver/Src/stm32f3xx_hal_spi.o
                0x0000000008002b94                HAL_SPI_Init
 .text.HAL_SPI_TransmitReceive
                0x0000000008002cda      0x444 ./Drivers/STM32F3xx_HAL_Driver/Src/stm32f3xx_hal_spi.o
                0x0000000008002cda                HAL_SPI_TransmitReceive
 *fill*         0x000000000800311e        0x2 
 .text.SPI_WaitFlagStateUntilTimeout
                0x0000000008003120      0x110 ./Drivers/STM32F3xx_HAL_Driver/Src/stm32f3xx_hal_spi.o
 .text.SPI_WaitFifoStateUntilTimeout
                0x0000000008003230      0x12c ./Drivers/STM32F3xx_HAL_Driver/Src/stm32f3xx_hal_spi.o
 .text.SPI_EndRxTxTransaction
                0x000000000800335c       0x8c ./Drivers/STM32F3xx_HAL_Driver/Src/stm32f3xx_hal_spi.o
 .text.HAL_UART_Init
                0x00000000080033e8       0x9c ./Drivers/STM32F3xx_HAL_Driver/Src/stm32f3xx_hal_uart.o
                0x00000000080033e8                HAL_UART_Init
 .text.HAL_UART_Transmit
                0x0000000008003484      0x114 ./Drivers/STM32F3xx_HAL_Driver/Src/stm32f3xx_hal_uart.o
                0x0000000008003484                HAL_UART_Transmit
 .text.UART_SetConfig
                0x0000000008003598      0x26c ./Drivers/STM32F3xx_HAL_Driver/Src/stm32f3xx_hal_uart.o
                0x0000000008003598                UART_SetConfig
 .text.UART_AdvFeatureConfig
                0x0000000008003804      0x144 ./Drivers/STM32F3xx_HAL_Driver/Src/stm32f3xx_hal_uart.o
                0x0000000008003804                UART_AdvFeatureConfig
 .text.UART_CheckIdleState
                0x0000000008003948      0x150 ./Drivers/STM32F3xx_HAL_Driver/Src/stm32f3xx_hal_uart.o
                0x0000000008003948                UART_CheckIdleState
 .text.UART_WaitOnFlagUntilTimeout
                0x0000000008003a98       0xce ./Drivers/STM32F3xx_HAL_Driver/Src/stm32f3xx_hal_uart.o
                0x0000000008003a98                UART_WaitOnFlagUntilTimeout
 .text.UART_EndRxTransfer
                0x0000000008003b66       0xc8 ./Drivers/STM32F3xx_HAL_Driver/Src/stm32f3xx_hal_uart.o
 *fill*         0x0000000008003c2e        0x2 
 .text.__errno  0x0000000008003c30        0xc c:/st/stm32cubeide_1.10.1/stm32cubeide/plugins/com.st.stm32cube.ide.mcu.externaltools.gnu-tools-for-stm32.10.3-2021.10.win32_1.0.0.202111181127/tools/bin/../lib/gcc/arm-none-eabi/10.3.1/../../../../arm-none-eabi/lib/thumb/v7e-m+fp/hard\libc_nano.a(lib_a-errno.o)
                0x0000000008003c30                __errno
 .text.__libc_init_array
                0x0000000008003c3c       0x48 c:/st/stm32cubeide_1.10.1/stm32cubeide/plugins/com.st.stm32cube.ide.mcu.externaltools.gnu-tools-for-stm32.10.3-2021.10.win32_1.0.0.202111181127/tools/bin/../lib/gcc/arm-none-eabi/10.3.1/../../../../arm-none-eabi/lib/thumb/v7e-m+fp/hard\libc_nano.a(lib_a-init.o)
                0x0000000008003c3c                __libc_init_array
 .text.memset   0x0000000008003c84       0x10 c:/st/stm32cubeide_1.10.1/stm32cubeide/plugins/com.st.stm32cube.ide.mcu.externaltools.gnu-tools-for-stm32.10.3-2021.10.win32_1.0.0.202111181127/tools/bin/../lib/gcc/arm-none-eabi/10.3.1/../../../../arm-none-eabi/lib/thumb/v7e-m+fp/hard\libc_nano.a(lib_a-memset.o)
                0x0000000008003c84                memset
 .text.sprintf  0x0000000008003c94       0x40 c:/st/stm32cubeide_1.10.1/stm32cubeide/plugins/com.st.stm32cube.ide.mcu.externaltools.gnu-tools-for-stm32.10.3-2021.10.win32_1.0.0.202111181127/tools/bin/../lib/gcc/arm-none-eabi/10.3.1/../../../../arm-none-eabi/lib/thumb/v7e-m+fp/hard\libc_nano.a(lib_a-sprintf.o)
                0x0000000008003c94                siprintf
                0x0000000008003c94                sprintf
 .text.__ssputs_r
                0x0000000008003cd4       0xb6 c:/st/stm32cubeide_1.10.1/stm32cubeide/plugins/com.st.stm32cube.ide.mcu.externaltools.gnu-tools-for-stm32.10.3-2021.10.win32_1.0.0.202111181127/tools/bin/../lib/gcc/arm-none-eabi/10.3.1/../../../../arm-none-eabi/lib/thumb/v7e-m+fp/hard\libc_nano.a(lib_a-nano-svfprintf.o)
                0x0000000008003cd4                __ssputs_r
 *fill*         0x0000000008003d8a        0x2 
 .text._svfprintf_r
                0x0000000008003d8c      0x200 c:/st/stm32cubeide_1.10.1/stm32cubeide/plugins/com.st.stm32cube.ide.mcu.externaltools.gnu-tools-for-stm32.10.3-2021.10.win32_1.0.0.202111181127/tools/bin/../lib/gcc/arm-none-eabi/10.3.1/../../../../arm-none-eabi/lib/thumb/v7e-m+fp/hard\libc_nano.a(lib_a-nano-svfprintf.o)
                0x0000000008003d8c                _svfiprintf_r
                0x0000000008003d8c                _svfprintf_r
 .text._printf_common
                0x0000000008003f8c       0xda c:/st/stm32cubeide_1.10.1/stm32cubeide/plugins/com.st.stm32cube.ide.mcu.externaltools.gnu-tools-for-stm32.10.3-2021.10.win32_1.0.0.202111181127/tools/bin/../lib/gcc/arm-none-eabi/10.3.1/../../../../arm-none-eabi/lib/thumb/v7e-m+fp/hard\libc_nano.a(lib_a-nano-vfprintf_i.o)
                0x0000000008003f8c                _printf_common
 *fill*         0x0000000008004066        0x2 
 .text._printf_i
                0x0000000008004068      0x24c c:/st/stm32cubeide_1.10.1/stm32cubeide/plugins/com.st.stm32cube.ide.mcu.externaltools.gnu-tools-for-stm32.10.3-2021.10.win32_1.0.0.202111181127/tools/bin/../lib/gcc/arm-none-eabi/10.3.1/../../../../arm-none-eabi/lib/thumb/v7e-m+fp/hard\libc_nano.a(lib_a-nano-vfprintf_i.o)
                0x0000000008004068                _printf_i
 .text.memcpy   0x00000000080042b4       0x1c c:/st/stm32cubeide_1.10.1/stm32cubeide/plugins/com.st.stm32cube.ide.mcu.externaltools.gnu-tools-for-stm32.10.3-2021.10.win32_1.0.0.202111181127/tools/bin/../lib/gcc/arm-none-eabi/10.3.1/../../../../arm-none-eabi/lib/thumb/v7e-m+fp/hard\libc_nano.a(lib_a-memcpy-stub.o)
                0x00000000080042b4                memcpy
 .text.memmove  0x00000000080042d0       0x34 c:/st/stm32cubeide_1.10.1/stm32cubeide/plugins/com.st.stm32cube.ide.mcu.externaltools.gnu-tools-for-stm32.10.3-2021.10.win32_1.0.0.202111181127/tools/bin/../lib/gcc/arm-none-eabi/10.3.1/../../../../arm-none-eabi/lib/thumb/v7e-m+fp/hard\libc_nano.a(lib_a-memmove.o)
                0x00000000080042d0                memmove
 .text._free_r  0x0000000008004304       0x98 c:/st/stm32cubeide_1.10.1/stm32cubeide/plugins/com.st.stm32cube.ide.mcu.externaltools.gnu-tools-for-stm32.10.3-2021.10.win32_1.0.0.202111181127/tools/bin/../lib/gcc/arm-none-eabi/10.3.1/../../../../arm-none-eabi/lib/thumb/v7e-m+fp/hard\libc_nano.a(lib_a-nano-freer.o)
                0x0000000008004304                _free_r
 .text.sbrk_aligned
                0x000000000800439c       0x40 c:/st/stm32cubeide_1.10.1/stm32cubeide/plugins/com.st.stm32cube.ide.mcu.externaltools.gnu-tools-for-stm32.10.3-2021.10.win32_1.0.0.202111181127/tools/bin/../lib/gcc/arm-none-eabi/10.3.1/../../../../arm-none-eabi/lib/thumb/v7e-m+fp/hard\libc_nano.a(lib_a-nano-mallocr.o)
 .text._malloc_r
                0x00000000080043dc       0xe8 c:/st/stm32cubeide_1.10.1/stm32cubeide/plugins/com.st.stm32cube.ide.mcu.externaltools.gnu-tools-for-stm32.10.3-2021.10.win32_1.0.0.202111181127/tools/bin/../lib/gcc/arm-none-eabi/10.3.1/../../../../arm-none-eabi/lib/thumb/v7e-m+fp/hard\libc_nano.a(lib_a-nano-mallocr.o)
                0x00000000080043dc                _malloc_r
 .text._realloc_r
                0x00000000080044c4       0x5e c:/st/stm32cubeide_1.10.1/stm32cubeide/plugins/com.st.stm32cube.ide.mcu.externaltools.gnu-tools-for-stm32.10.3-2021.10.win32_1.0.0.202111181127/tools/bin/../lib/gcc/arm-none-eabi/10.3.1/../../../../arm-none-eabi/lib/thumb/v7e-m+fp/hard\libc_nano.a(lib_a-nano-reallocr.o)
                0x00000000080044c4                _realloc_r
 *fill*         0x0000000008004522        0x2 
 .text._sbrk_r  0x0000000008004524       0x20 c:/st/stm32cubeide_1.10.1/stm32cubeide/plugins/com.st.stm32cube.ide.mcu.externaltools.gnu-tools-for-stm32.10.3-2021.10.win32_1.0.0.202111181127/tools/bin/../lib/gcc/arm-none-eabi/10.3.1/../../../../arm-none-eabi/lib/thumb/v7e-m+fp/hard\libc_nano.a(lib_a-sbrkr.o)
                0x0000000008004524                _sbrk_r
 .text.__malloc_lock
                0x0000000008004544        0xc c:/st/stm32cubeide_1.10.1/stm32cubeide/plugins/com.st.stm32cube.ide.mcu.externaltools.gnu-tools-for-stm32.10.3-2021.10.win32_1.0.0.202111181127/tools/bin/../lib/gcc/arm-none-eabi/10.3.1/../../../../arm-none-eabi/lib/thumb/v7e-m+fp/hard\libc_nano.a(lib_a-mlock.o)
                0x0000000008004544                __malloc_lock
 .text.__malloc_unlock
                0x0000000008004550        0xc c:/st/stm32cubeide_1.10.1/stm32cubeide/plugins/com.st.stm32cube.ide.mcu.externaltools.gnu-tools-for-stm32.10.3-2021.10.win32_1.0.0.202111181127/tools/bin/../lib/gcc/arm-none-eabi/10.3.1/../../../../arm-none-eabi/lib/thumb/v7e-m+fp/hard\libc_nano.a(lib_a-mlock.o)
                0x0000000008004550                __malloc_unlock
 .text._malloc_usable_size_r
                0x000000000800455c       0x10 c:/st/stm32cubeide_1.10.1/stm32cubeide/plugins/com.st.stm32cube.ide.mcu.externaltools.gnu-tools-for-stm32.10.3-2021.10.win32_1.0.0.202111181127/tools/bin/../lib/gcc/arm-none-eabi/10.3.1/../../../../arm-none-eabi/lib/thumb/v7e-m+fp/hard\libc_nano.a(lib_a-nano-msizer.o)
                0x000000000800455c                _malloc_usable_size_r
 .text.__retarget_lock_acquire_recursive
                0x000000000800456c        0x2 c:/st/stm32cubeide_1.10.1/stm32cubeide/plugins/com.st.stm32cube.ide.mcu.externaltools.gnu-tools-for-stm32.10.3-2021.10.win32_1.0.0.202111181127/tools/bin/../lib/gcc/arm-none-eabi/10.3.1/../../../../arm-none-eabi/lib/thumb/v7e-m+fp/hard\libc_nano.a(lib_a-lock.o)
                0x000000000800456c                __retarget_lock_acquire_recursive
 .text.__retarget_lock_release_recursive
                0x000000000800456e        0x2 c:/st/stm32cubeide_1.10.1/stm32cubeide/plugins/com.st.stm32cube.ide.mcu.externaltools.gnu-tools-for-stm32.10.3-2021.10.win32_1.0.0.202111181127/tools/bin/../lib/gcc/arm-none-eabi/10.3.1/../../../../arm-none-eabi/lib/thumb/v7e-m+fp/hard\libc_nano.a(lib_a-lock.o)
                0x000000000800456e                __retarget_lock_release_recursive
 *(.glue_7)
 .glue_7        0x0000000008004570        0x0 linker stubs
 *(.glue_7t)
 .glue_7t       0x0000000008004570        0x0 linker stubs
 *(.eh_frame)
 .eh_frame      0x0000000008004570        0x0 c:/st/stm32cubeide_1.10.1/stm32cubeide/plugins/com.st.stm32cube.ide.mcu.externaltools.gnu-tools-for-stm32.10.3-2021.10.win32_1.0.0.202111181127/tools/bin/../lib/gcc/arm-none-eabi/10.3.1/thumb/v7e-m+fp/hard/crtbegin.o
 *(.init)
 .init          0x0000000008004570        0x4 c:/st/stm32cubeide_1.10.1/stm32cubeide/plugins/com.st.stm32cube.ide.mcu.externaltools.gnu-tools-for-stm32.10.3-2021.10.win32_1.0.0.202111181127/tools/bin/../lib/gcc/arm-none-eabi/10.3.1/thumb/v7e-m+fp/hard/crti.o
                0x0000000008004570                _init
 .init          0x0000000008004574        0x8 c:/st/stm32cubeide_1.10.1/stm32cubeide/plugins/com.st.stm32cube.ide.mcu.externaltools.gnu-tools-for-stm32.10.3-2021.10.win32_1.0.0.202111181127/tools/bin/../lib/gcc/arm-none-eabi/10.3.1/thumb/v7e-m+fp/hard/crtn.o
 *(.fini)
 .fini          0x000000000800457c        0x4 c:/st/stm32cubeide_1.10.1/stm32cubeide/plugins/com.st.stm32cube.ide.mcu.externaltools.gnu-tools-for-stm32.10.3-2021.10.win32_1.0.0.202111181127/tools/bin/../lib/gcc/arm-none-eabi/10.3.1/thumb/v7e-m+fp/hard/crti.o
                0x000000000800457c                _fini
 .fini          0x0000000008004580        0x8 c:/st/stm32cubeide_1.10.1/stm32cubeide/plugins/com.st.stm32cube.ide.mcu.externaltools.gnu-tools-for-stm32.10.3-2021.10.win32_1.0.0.202111181127/tools/bin/../lib/gcc/arm-none-eabi/10.3.1/thumb/v7e-m+fp/hard/crtn.o
                0x0000000008004588                . = ALIGN (0x4)
                0x0000000008004588                _etext = .

.vfp11_veneer   0x0000000008004588        0x0
 .vfp11_veneer  0x0000000008004588        0x0 linker stubs

.v4_bx          0x0000000008004588        0x0
 .v4_bx         0x0000000008004588        0x0 linker stubs

.iplt           0x0000000008004588        0x0
 .iplt          0x0000000008004588        0x0 c:/st/stm32cubeide_1.10.1/stm32cubeide/plugins/com.st.stm32cube.ide.mcu.externaltools.gnu-tools-for-stm32.10.3-2021.10.win32_1.0.0.202111181127/tools/bin/../lib/gcc/arm-none-eabi/10.3.1/thumb/v7e-m+fp/hard/crtbegin.o

.rodata         0x0000000008004588       0xc0
                0x0000000008004588                . = ALIGN (0x4)
 *(.rodata)
 .rodata        0x0000000008004588       0x37 ./Core/Src/main.o
 *(.rodata*)
 *fill*         0x00000000080045bf        0x1 
 .rodata.CMD    0x00000000080045c0        0x5 ./Core/Src/main.o
                0x00000000080045c0                CMD
 *fill*         0x00000000080045c5        0x3 
 .rodata.CMD_Mode
                0x00000000080045c8        0x5 ./Core/Src/main.o
                0x00000000080045c8                CMD_Mode
 *fill*         0x00000000080045cd        0x3 
 .rodata.CMD_Read
                0x00000000080045d0        0x9 ./Core/Src/main.o
                0x00000000080045d0                CMD_Read
 *fill*         0x00000000080045d9        0x3 
 .rodata.AHBPrescTable
                0x00000000080045dc       0x10 ./Core/Src/system_stm32f3xx.o
                0x00000000080045dc                AHBPrescTable
 .rodata.APBPrescTable
                0x00000000080045ec        0x8 ./Core/Src/system_stm32f3xx.o
                0x00000000080045ec                APBPrescTable
 .rodata.aPLLMULFactorTable
                0x00000000080045f4       0x10 ./Drivers/STM32F3xx_HAL_Driver/Src/stm32f3xx_hal_rcc.o
 .rodata.aPredivFactorTable
                0x0000000008004604       0x10 ./Drivers/STM32F3xx_HAL_Driver/Src/stm32f3xx_hal_rcc.o
 .rodata._svfprintf_r.str1.1
                0x0000000008004614       0x11 c:/st/stm32cubeide_1.10.1/stm32cubeide/plugins/com.st.stm32cube.ide.mcu.externaltools.gnu-tools-for-stm32.10.3-2021.10.win32_1.0.0.202111181127/tools/bin/../lib/gcc/arm-none-eabi/10.3.1/../../../../arm-none-eabi/lib/thumb/v7e-m+fp/hard\libc_nano.a(lib_a-nano-svfprintf.o)
 .rodata._printf_i.str1.1
                0x0000000008004625       0x22 c:/st/stm32cubeide_1.10.1/stm32cubeide/plugins/com.st.stm32cube.ide.mcu.externaltools.gnu-tools-for-stm32.10.3-2021.10.win32_1.0.0.202111181127/tools/bin/../lib/gcc/arm-none-eabi/10.3.1/../../../../arm-none-eabi/lib/thumb/v7e-m+fp/hard\libc_nano.a(lib_a-nano-vfprintf_i.o)
                0x0000000008004648                . = ALIGN (0x4)
 *fill*         0x0000000008004647        0x1 

.rel.dyn        0x0000000008004648        0x0
 .rel.iplt      0x0000000008004648        0x0 c:/st/stm32cubeide_1.10.1/stm32cubeide/plugins/com.st.stm32cube.ide.mcu.externaltools.gnu-tools-for-stm32.10.3-2021.10.win32_1.0.0.202111181127/tools/bin/../lib/gcc/arm-none-eabi/10.3.1/thumb/v7e-m+fp/hard/crtbegin.o

.ARM.extab      0x0000000008004648        0x0
                0x0000000008004648                . = ALIGN (0x4)
 *(.ARM.extab* .gnu.linkonce.armextab.*)
                0x0000000008004648                . = ALIGN (0x4)

.ARM            0x0000000008004648        0x0
                0x0000000008004648                . = ALIGN (0x4)
                0x0000000008004648                __exidx_start = .
 *(.ARM.exidx*)
                0x0000000008004648                __exidx_end = .
                0x0000000008004648                . = ALIGN (0x4)

.preinit_array  0x0000000008004648        0x0
                0x0000000008004648                . = ALIGN (0x4)
                0x0000000008004648                PROVIDE (__preinit_array_start = .)
 *(.preinit_array*)
                0x0000000008004648                PROVIDE (__preinit_array_end = .)
                0x0000000008004648                . = ALIGN (0x4)

.init_array     0x0000000008004648        0x4
                0x0000000008004648                . = ALIGN (0x4)
                0x0000000008004648                PROVIDE (__init_array_start = .)
 *(SORT_BY_NAME(.init_array.*))
 *(.init_array*)
 .init_array    0x0000000008004648        0x4 c:/st/stm32cubeide_1.10.1/stm32cubeide/plugins/com.st.stm32cube.ide.mcu.externaltools.gnu-tools-for-stm32.10.3-2021.10.win32_1.0.0.202111181127/tools/bin/../lib/gcc/arm-none-eabi/10.3.1/thumb/v7e-m+fp/hard/crtbegin.o
                0x000000000800464c                PROVIDE (__init_array_end = .)
                0x000000000800464c                . = ALIGN (0x4)

.fini_array     0x000000000800464c        0x4
                0x000000000800464c                . = ALIGN (0x4)
                [!provide]                        PROVIDE (__fini_array_start = .)
 *(SORT_BY_NAME(.fini_array.*))
 *(.fini_array*)
 .fini_array    0x000000000800464c        0x4 c:/st/stm32cubeide_1.10.1/stm32cubeide/plugins/com.st.stm32cube.ide.mcu.externaltools.gnu-tools-for-stm32.10.3-2021.10.win32_1.0.0.202111181127/tools/bin/../lib/gcc/arm-none-eabi/10.3.1/thumb/v7e-m+fp/hard/crtbegin.o
                [!provide]                        PROVIDE (__fini_array_end = .)
                0x0000000008004650                . = ALIGN (0x4)
                0x0000000008004650                _sidata = LOADADDR (.data)

.data           0x0000000020000000       0x70 load address 0x0000000008004650
                0x0000000020000000                . = ALIGN (0x4)
                0x0000000020000000                _sdata = .
 *(.data)
 *(.data*)
 .data.SystemCoreClock
                0x0000000020000000        0x4 ./Core/Src/system_stm32f3xx.o
                0x0000000020000000                SystemCoreClock
 .data.uwTickPrio
                0x0000000020000004        0x4 ./Drivers/STM32F3xx_HAL_Driver/Src/stm32f3xx_hal.o
                0x0000000020000004                uwTickPrio
 .data.uwTickFreq
                0x0000000020000008        0x1 ./Drivers/STM32F3xx_HAL_Driver/Src/stm32f3xx_hal.o
                0x0000000020000008                uwTickFreq
 *fill*         0x0000000020000009        0x3 
 .data._impure_ptr
                0x000000002000000c        0x4 c:/st/stm32cubeide_1.10.1/stm32cubeide/plugins/com.st.stm32cube.ide.mcu.externaltools.gnu-tools-for-stm32.10.3-2021.10.win32_1.0.0.202111181127/tools/bin/../lib/gcc/arm-none-eabi/10.3.1/../../../../arm-none-eabi/lib/thumb/v7e-m+fp/hard\libc_nano.a(lib_a-impure.o)
                0x000000002000000c                _impure_ptr
 .data.impure_data
                0x0000000020000010       0x60 c:/st/stm32cubeide_1.10.1/stm32cubeide/plugins/com.st.stm32cube.ide.mcu.externaltools.gnu-tools-for-stm32.10.3-2021.10.win32_1.0.0.202111181127/tools/bin/../lib/gcc/arm-none-eabi/10.3.1/../../../../arm-none-eabi/lib/thumb/v7e-m+fp/hard\libc_nano.a(lib_a-impure.o)
 *(.RamFunc)
 *(.RamFunc*)
                0x0000000020000070                . = ALIGN (0x4)
                0x0000000020000070                _edata = .
                0x00000000080046c0                _siccmram = LOADADDR (.ccmram)

.igot.plt       0x0000000020000070        0x0 load address 0x00000000080046c0
 .igot.plt      0x0000000020000070        0x0 c:/st/stm32cubeide_1.10.1/stm32cubeide/plugins/com.st.stm32cube.ide.mcu.externaltools.gnu-tools-for-stm32.10.3-2021.10.win32_1.0.0.202111181127/tools/bin/../lib/gcc/arm-none-eabi/10.3.1/thumb/v7e-m+fp/hard/crtbegin.o

.ccmram         0x0000000010000000        0x0 load address 0x00000000080046c0
                0x0000000010000000                . = ALIGN (0x4)
                0x0000000010000000                _sccmram = .
 *(.ccmram)
 *(.ccmram*)
                0x0000000010000000                . = ALIGN (0x4)
                0x0000000010000000                _eccmram = .
                0x0000000010000000                . = ALIGN (0x4)

.bss            0x0000000020000070      0x210
                0x0000000020000070                _sbss = .
                0x0000000020000070                __bss_start__ = _sbss
 *(.bss)
 .bss           0x0000000020000070       0x1c c:/st/stm32cubeide_1.10.1/stm32cubeide/plugins/com.st.stm32cube.ide.mcu.externaltools.gnu-tools-for-stm32.10.3-2021.10.win32_1.0.0.202111181127/tools/bin/../lib/gcc/arm-none-eabi/10.3.1/thumb/v7e-m+fp/hard/crtbegin.o
 *(.bss*)
 .bss.hcan      0x000000002000008c       0x28 ./Core/Src/main.o
                0x000000002000008c                hcan
 .bss.hspi1     0x00000000200000b4       0x64 ./Core/Src/main.o
                0x00000000200000b4                hspi1
 .bss.huart2    0x0000000020000118       0x88 ./Core/Src/main.o
                0x0000000020000118                huart2
 .bss.val       0x00000000200001a0        0x9 ./Core/Src/main.o
                0x00000000200001a0                val
 *fill*         0x00000000200001a9        0x3 
 .bss.val0      0x00000000200001ac        0x5 ./Core/Src/main.o
                0x00000000200001ac                val0
 *fill*         0x00000000200001b1        0x3 
 .bss.val1      0x00000000200001b4        0x5 ./Core/Src/main.o
                0x00000000200001b4                val1
 *fill*         0x00000000200001b9        0x3 
 .bss.UP        0x00000000200001bc        0x4 ./Core/Src/main.o
                0x00000000200001bc                UP
 .bss.DOWN      0x00000000200001c0        0x4 ./Core/Src/main.o
                0x00000000200001c0                DOWN
 .bss.LEFT      0x00000000200001c4        0x4 ./Core/Src/main.o
                0x00000000200001c4                LEFT
 .bss.RIGHT     0x00000000200001c8        0x4 ./Core/Src/main.o
                0x00000000200001c8                RIGHT
 .bss.Triangle  0x00000000200001cc        0x4 ./Core/Src/main.o
                0x00000000200001cc                Triangle
 .bss.Round     0x00000000200001d0        0x4 ./Core/Src/main.o
                0x00000000200001d0                Round
 .bss.Square    0x00000000200001d4        0x4 ./Core/Src/main.o
                0x00000000200001d4                Square
 .bss.Cross     0x00000000200001d8        0x4 ./Core/Src/main.o
                0x00000000200001d8                Cross
 .bss.L1        0x00000000200001dc        0x4 ./Core/Src/main.o
                0x00000000200001dc                L1
 .bss.L2        0x00000000200001e0        0x4 ./Core/Src/main.o
                0x00000000200001e0                L2
 .bss.R1        0x00000000200001e4        0x4 ./Core/Src/main.o
                0x00000000200001e4                R1
 .bss.R2        0x00000000200001e8        0x4 ./Core/Src/main.o
                0x00000000200001e8                R2
 .bss.SELECT    0x00000000200001ec        0x4 ./Core/Src/main.o
                0x00000000200001ec                SELECT
 .bss.START     0x00000000200001f0        0x4 ./Core/Src/main.o
                0x00000000200001f0                START
 .bss.LX        0x00000000200001f4        0x4 ./Core/Src/main.o
                0x00000000200001f4                LX
 .bss.LY        0x00000000200001f8        0x4 ./Core/Src/main.o
                0x00000000200001f8                LY
 .bss.RX        0x00000000200001fc        0x4 ./Core/Src/main.o
                0x00000000200001fc                RX
 .bss.RY        0x0000000020000200        0x4 ./Core/Src/main.o
                0x0000000020000200                RY
 .bss.stringdata
                0x0000000020000204       0x40 ./Core/Src/main.o
                0x0000000020000204                stringdata
 .bss.TxHeader  0x0000000020000244       0x18 ./Core/Src/main.o
                0x0000000020000244                TxHeader
 .bss.TxMailbox
                0x000000002000025c        0x4 ./Core/Src/main.o
                0x000000002000025c                TxMailbox
 .bss.TxData    0x0000000020000260        0x8 ./Core/Src/main.o
                0x0000000020000260                TxData
 .bss.__sbrk_heap_end
                0x0000000020000268        0x4 ./Core/Src/sysmem.o
 .bss.uwTick    0x000000002000026c        0x4 ./Drivers/STM32F3xx_HAL_Driver/Src/stm32f3xx_hal.o
                0x000000002000026c                uwTick
 .bss.__malloc_free_list
                0x0000000020000270        0x4 c:/st/stm32cubeide_1.10.1/stm32cubeide/plugins/com.st.stm32cube.ide.mcu.externaltools.gnu-tools-for-stm32.10.3-2021.10.win32_1.0.0.202111181127/tools/bin/../lib/gcc/arm-none-eabi/10.3.1/../../../../arm-none-eabi/lib/thumb/v7e-m+fp/hard\libc_nano.a(lib_a-nano-mallocr.o)
                0x0000000020000270                __malloc_free_list
 .bss.__malloc_sbrk_start
                0x0000000020000274        0x4 c:/st/stm32cubeide_1.10.1/stm32cubeide/plugins/com.st.stm32cube.ide.mcu.externaltools.gnu-tools-for-stm32.10.3-2021.10.win32_1.0.0.202111181127/tools/bin/../lib/gcc/arm-none-eabi/10.3.1/../../../../arm-none-eabi/lib/thumb/v7e-m+fp/hard\libc_nano.a(lib_a-nano-mallocr.o)
                0x0000000020000274                __malloc_sbrk_start
 .bss.errno     0x0000000020000278        0x4 c:/st/stm32cubeide_1.10.1/stm32cubeide/plugins/com.st.stm32cube.ide.mcu.externaltools.gnu-tools-for-stm32.10.3-2021.10.win32_1.0.0.202111181127/tools/bin/../lib/gcc/arm-none-eabi/10.3.1/../../../../arm-none-eabi/lib/thumb/v7e-m+fp/hard\libc_nano.a(lib_a-reent.o)
                0x0000000020000278                errno
 .bss.__lock___malloc_recursive_mutex
                0x000000002000027c        0x1 c:/st/stm32cubeide_1.10.1/stm32cubeide/plugins/com.st.stm32cube.ide.mcu.externaltools.gnu-tools-for-stm32.10.3-2021.10.win32_1.0.0.202111181127/tools/bin/../lib/gcc/arm-none-eabi/10.3.1/../../../../arm-none-eabi/lib/thumb/v7e-m+fp/hard\libc_nano.a(lib_a-lock.o)
                0x000000002000027c                __lock___malloc_recursive_mutex
 *(COMMON)
                0x0000000020000280                . = ALIGN (0x4)
 *fill*         0x000000002000027d        0x3 
                0x0000000020000280                _ebss = .
                0x0000000020000280                __bss_end__ = _ebss

._user_heap_stack
                0x0000000020000280      0x600
                0x0000000020000280                . = ALIGN (0x8)
                [!provide]                        PROVIDE (end = .)
                0x0000000020000280                PROVIDE (_end = .)
                0x0000000020000480                . = (. + _Min_Heap_Size)
 *fill*         0x0000000020000280      0x200 
                0x0000000020000880                . = (. + _Min_Stack_Size)
 *fill*         0x0000000020000480      0x400 
                0x0000000020000880                . = ALIGN (0x8)

/DISCARD/
 libc.a(*)
 libm.a(*)
 libgcc.a(*)

.ARM.attributes
                0x0000000000000000       0x30
 *(.ARM.attributes)
 .ARM.attributes
                0x0000000000000000       0x1e c:/st/stm32cubeide_1.10.1/stm32cubeide/plugins/com.st.stm32cube.ide.mcu.externaltools.gnu-tools-for-stm32.10.3-2021.10.win32_1.0.0.202111181127/tools/bin/../lib/gcc/arm-none-eabi/10.3.1/thumb/v7e-m+fp/hard/crti.o
 .ARM.attributes
                0x000000000000001e       0x34 c:/st/stm32cubeide_1.10.1/stm32cubeide/plugins/com.st.stm32cube.ide.mcu.externaltools.gnu-tools-for-stm32.10.3-2021.10.win32_1.0.0.202111181127/tools/bin/../lib/gcc/arm-none-eabi/10.3.1/thumb/v7e-m+fp/hard/crtbegin.o
 .ARM.attributes
                0x0000000000000052       0x34 ./Core/Src/main.o
 .ARM.attributes
                0x0000000000000086       0x34 ./Core/Src/stm32f3xx_hal_msp.o
 .ARM.attributes
                0x00000000000000ba       0x34 ./Core/Src/stm32f3xx_it.o
 .ARM.attributes
                0x00000000000000ee       0x34 ./Core/Src/sysmem.o
 .ARM.attributes
                0x0000000000000122       0x34 ./Core/Src/system_stm32f3xx.o
 .ARM.attributes
                0x0000000000000156       0x21 ./Core/Startup/startup_stm32f303k8tx.o
 .ARM.attributes
                0x0000000000000177       0x34 ./Drivers/STM32F3xx_HAL_Driver/Src/stm32f3xx_hal.o
 .ARM.attributes
                0x00000000000001ab       0x34 ./Drivers/STM32F3xx_HAL_Driver/Src/stm32f3xx_hal_can.o
 .ARM.attributes
                0x00000000000001df       0x34 ./Drivers/STM32F3xx_HAL_Driver/Src/stm32f3xx_hal_cortex.o
 .ARM.attributes
                0x0000000000000213       0x34 ./Drivers/STM32F3xx_HAL_Driver/Src/stm32f3xx_hal_gpio.o
 .ARM.attributes
                0x0000000000000247       0x34 ./Drivers/STM32F3xx_HAL_Driver/Src/stm32f3xx_hal_rcc.o
 .ARM.attributes
                0x000000000000027b       0x34 ./Drivers/STM32F3xx_HAL_Driver/Src/stm32f3xx_hal_spi.o
 .ARM.attributes
                0x00000000000002af       0x34 ./Drivers/STM32F3xx_HAL_Driver/Src/stm32f3xx_hal_uart.o
 .ARM.attributes
                0x00000000000002e3       0x34 c:/st/stm32cubeide_1.10.1/stm32cubeide/plugins/com.st.stm32cube.ide.mcu.externaltools.gnu-tools-for-stm32.10.3-2021.10.win32_1.0.0.202111181127/tools/bin/../lib/gcc/arm-none-eabi/10.3.1/../../../../arm-none-eabi/lib/thumb/v7e-m+fp/hard\libc_nano.a(lib_a-errno.o)
 .ARM.attributes
                0x0000000000000317       0x34 c:/st/stm32cubeide_1.10.1/stm32cubeide/plugins/com.st.stm32cube.ide.mcu.externaltools.gnu-tools-for-stm32.10.3-2021.10.win32_1.0.0.202111181127/tools/bin/../lib/gcc/arm-none-eabi/10.3.1/../../../../arm-none-eabi/lib/thumb/v7e-m+fp/hard\libc_nano.a(lib_a-impure.o)
 .ARM.attributes
                0x000000000000034b       0x34 c:/st/stm32cubeide_1.10.1/stm32cubeide/plugins/com.st.stm32cube.ide.mcu.externaltools.gnu-tools-for-stm32.10.3-2021.10.win32_1.0.0.202111181127/tools/bin/../lib/gcc/arm-none-eabi/10.3.1/../../../../arm-none-eabi/lib/thumb/v7e-m+fp/hard\libc_nano.a(lib_a-init.o)
 .ARM.attributes
                0x000000000000037f       0x34 c:/st/stm32cubeide_1.10.1/stm32cubeide/plugins/com.st.stm32cube.ide.mcu.externaltools.gnu-tools-for-stm32.10.3-2021.10.win32_1.0.0.202111181127/tools/bin/../lib/gcc/arm-none-eabi/10.3.1/../../../../arm-none-eabi/lib/thumb/v7e-m+fp/hard\libc_nano.a(lib_a-memset.o)
 .ARM.attributes
                0x00000000000003b3       0x34 c:/st/stm32cubeide_1.10.1/stm32cubeide/plugins/com.st.stm32cube.ide.mcu.externaltools.gnu-tools-for-stm32.10.3-2021.10.win32_1.0.0.202111181127/tools/bin/../lib/gcc/arm-none-eabi/10.3.1/../../../../arm-none-eabi/lib/thumb/v7e-m+fp/hard\libc_nano.a(lib_a-sprintf.o)
 .ARM.attributes
                0x00000000000003e7       0x17 c:/st/stm32cubeide_1.10.1/stm32cubeide/plugins/com.st.stm32cube.ide.mcu.externaltools.gnu-tools-for-stm32.10.3-2021.10.win32_1.0.0.202111181127/tools/bin/../lib/gcc/arm-none-eabi/10.3.1/../../../../arm-none-eabi/lib/thumb/v7e-m+fp/hard\libc_nano.a(lib_a-strlen.o)
 .ARM.attributes
                0x00000000000003fe       0x34 c:/st/stm32cubeide_1.10.1/stm32cubeide/plugins/com.st.stm32cube.ide.mcu.externaltools.gnu-tools-for-stm32.10.3-2021.10.win32_1.0.0.202111181127/tools/bin/../lib/gcc/arm-none-eabi/10.3.1/../../../../arm-none-eabi/lib/thumb/v7e-m+fp/hard\libc_nano.a(lib_a-nano-svfprintf.o)
 .ARM.attributes
                0x0000000000000432       0x34 c:/st/stm32cubeide_1.10.1/stm32cubeide/plugins/com.st.stm32cube.ide.mcu.externaltools.gnu-tools-for-stm32.10.3-2021.10.win32_1.0.0.202111181127/tools/bin/../lib/gcc/arm-none-eabi/10.3.1/../../../../arm-none-eabi/lib/thumb/v7e-m+fp/hard\libc_nano.a(lib_a-nano-vfprintf_i.o)
 .ARM.attributes
                0x0000000000000466       0x1c c:/st/stm32cubeide_1.10.1/stm32cubeide/plugins/com.st.stm32cube.ide.mcu.externaltools.gnu-tools-for-stm32.10.3-2021.10.win32_1.0.0.202111181127/tools/bin/../lib/gcc/arm-none-eabi/10.3.1/../../../../arm-none-eabi/lib/thumb/v7e-m+fp/hard\libc_nano.a(lib_a-memchr.o)
 .ARM.attributes
                0x0000000000000482       0x34 c:/st/stm32cubeide_1.10.1/stm32cubeide/plugins/com.st.stm32cube.ide.mcu.externaltools.gnu-tools-for-stm32.10.3-2021.10.win32_1.0.0.202111181127/tools/bin/../lib/gcc/arm-none-eabi/10.3.1/../../../../arm-none-eabi/lib/thumb/v7e-m+fp/hard\libc_nano.a(lib_a-memcpy-stub.o)
 .ARM.attributes
                0x00000000000004b6       0x34 c:/st/stm32cubeide_1.10.1/stm32cubeide/plugins/com.st.stm32cube.ide.mcu.externaltools.gnu-tools-for-stm32.10.3-2021.10.win32_1.0.0.202111181127/tools/bin/../lib/gcc/arm-none-eabi/10.3.1/../../../../arm-none-eabi/lib/thumb/v7e-m+fp/hard\libc_nano.a(lib_a-memmove.o)
 .ARM.attributes
                0x00000000000004ea       0x34 c:/st/stm32cubeide_1.10.1/stm32cubeide/plugins/com.st.stm32cube.ide.mcu.externaltools.gnu-tools-for-stm32.10.3-2021.10.win32_1.0.0.202111181127/tools/bin/../lib/gcc/arm-none-eabi/10.3.1/../../../../arm-none-eabi/lib/thumb/v7e-m+fp/hard\libc_nano.a(lib_a-nano-freer.o)
 .ARM.attributes
                0x000000000000051e       0x34 c:/st/stm32cubeide_1.10.1/stm32cubeide/plugins/com.st.stm32cube.ide.mcu.externaltools.gnu-tools-for-stm32.10.3-2021.10.win32_1.0.0.202111181127/tools/bin/../lib/gcc/arm-none-eabi/10.3.1/../../../../arm-none-eabi/lib/thumb/v7e-m+fp/hard\libc_nano.a(lib_a-nano-mallocr.o)
 .ARM.attributes
                0x0000000000000552       0x34 c:/st/stm32cubeide_1.10.1/stm32cubeide/plugins/com.st.stm32cube.ide.mcu.externaltools.gnu-tools-for-stm32.10.3-2021.10.win32_1.0.0.202111181127/tools/bin/../lib/gcc/arm-none-eabi/10.3.1/../../../../arm-none-eabi/lib/thumb/v7e-m+fp/hard\libc_nano.a(lib_a-nano-reallocr.o)
 .ARM.attributes
                0x0000000000000586       0x34 c:/st/stm32cubeide_1.10.1/stm32cubeide/plugins/com.st.stm32cube.ide.mcu.externaltools.gnu-tools-for-stm32.10.3-2021.10.win32_1.0.0.202111181127/tools/bin/../lib/gcc/arm-none-eabi/10.3.1/../../../../arm-none-eabi/lib/thumb/v7e-m+fp/hard\libc_nano.a(lib_a-sbrkr.o)
 .ARM.attributes
                0x00000000000005ba       0x34 c:/st/stm32cubeide_1.10.1/stm32cubeide/plugins/com.st.stm32cube.ide.mcu.externaltools.gnu-tools-for-stm32.10.3-2021.10.win32_1.0.0.202111181127/tools/bin/../lib/gcc/arm-none-eabi/10.3.1/../../../../arm-none-eabi/lib/thumb/v7e-m+fp/hard\libc_nano.a(lib_a-mlock.o)
 .ARM.attributes
                0x00000000000005ee       0x34 c:/st/stm32cubeide_1.10.1/stm32cubeide/plugins/com.st.stm32cube.ide.mcu.externaltools.gnu-tools-for-stm32.10.3-2021.10.win32_1.0.0.202111181127/tools/bin/../lib/gcc/arm-none-eabi/10.3.1/../../../../arm-none-eabi/lib/thumb/v7e-m+fp/hard\libc_nano.a(lib_a-nano-msizer.o)
 .ARM.attributes
                0x0000000000000622       0x34 c:/st/stm32cubeide_1.10.1/stm32cubeide/plugins/com.st.stm32cube.ide.mcu.externaltools.gnu-tools-for-stm32.10.3-2021.10.win32_1.0.0.202111181127/tools/bin/../lib/gcc/arm-none-eabi/10.3.1/../../../../arm-none-eabi/lib/thumb/v7e-m+fp/hard\libc_nano.a(lib_a-reent.o)
 .ARM.attributes
                0x0000000000000656       0x34 c:/st/stm32cubeide_1.10.1/stm32cubeide/plugins/com.st.stm32cube.ide.mcu.externaltools.gnu-tools-for-stm32.10.3-2021.10.win32_1.0.0.202111181127/tools/bin/../lib/gcc/arm-none-eabi/10.3.1/../../../../arm-none-eabi/lib/thumb/v7e-m+fp/hard\libc_nano.a(lib_a-lock.o)
 .ARM.attributes
                0x000000000000068a       0x1e c:/st/stm32cubeide_1.10.1/stm32cubeide/plugins/com.st.stm32cube.ide.mcu.externaltools.gnu-tools-for-stm32.10.3-2021.10.win32_1.0.0.202111181127/tools/bin/../lib/gcc/arm-none-eabi/10.3.1/thumb/v7e-m+fp/hard/crtn.o
OUTPUT(PS2_Contorol_Tx.elf elf32-littlearm)
LOAD linker stubs
LOAD c:/st/stm32cubeide_1.10.1/stm32cubeide/plugins/com.st.stm32cube.ide.mcu.externaltools.gnu-tools-for-stm32.10.3-2021.10.win32_1.0.0.202111181127/tools/bin/../lib/gcc/arm-none-eabi/10.3.1/../../../../arm-none-eabi/lib/thumb/v7e-m+fp/hard\libc.a
LOAD c:/st/stm32cubeide_1.10.1/stm32cubeide/plugins/com.st.stm32cube.ide.mcu.externaltools.gnu-tools-for-stm32.10.3-2021.10.win32_1.0.0.202111181127/tools/bin/../lib/gcc/arm-none-eabi/10.3.1/../../../../arm-none-eabi/lib/thumb/v7e-m+fp/hard\libm.a
LOAD c:/st/stm32cubeide_1.10.1/stm32cubeide/plugins/com.st.stm32cube.ide.mcu.externaltools.gnu-tools-for-stm32.10.3-2021.10.win32_1.0.0.202111181127/tools/bin/../lib/gcc/arm-none-eabi/10.3.1/thumb/v7e-m+fp/hard\libgcc.a

.debug_info     0x0000000000000000     0xc0b9
 .debug_info    0x0000000000000000     0x1668 ./Core/Src/main.o
 .debug_info    0x0000000000001668     0x10dc ./Core/Src/stm32f3xx_hal_msp.o
 .debug_info    0x0000000000002744      0x122 ./Core/Src/stm32f3xx_it.o
 .debug_info    0x0000000000002866      0x171 ./Core/Src/sysmem.o
 .debug_info    0x00000000000029d7      0x416 ./Core/Src/system_stm32f3xx.o
 .debug_info    0x0000000000002ded       0x22 ./Core/Startup/startup_stm32f303k8tx.o
 .debug_info    0x0000000000002e0f      0x77d ./Drivers/STM32F3xx_HAL_Driver/Src/stm32f3xx_hal.o
 .debug_info    0x000000000000358c      0xfd2 ./Drivers/STM32F3xx_HAL_Driver/Src/stm32f3xx_hal_can.o
 .debug_info    0x000000000000455e      0xb20 ./Drivers/STM32F3xx_HAL_Driver/Src/stm32f3xx_hal_cortex.o
 .debug_info    0x000000000000507e      0x74e ./Drivers/STM32F3xx_HAL_Driver/Src/stm32f3xx_hal_gpio.o
 .debug_info    0x00000000000057cc     0x1585 ./Drivers/STM32F3xx_HAL_Driver/Src/stm32f3xx_hal_rcc.o
 .debug_info    0x0000000000006d51     0x1770 ./Drivers/STM32F3xx_HAL_Driver/Src/stm32f3xx_hal_spi.o
 .debug_info    0x00000000000084c1     0x3bf8 ./Drivers/STM32F3xx_HAL_Driver/Src/stm32f3xx_hal_uart.o

.debug_abbrev   0x0000000000000000     0x17aa
 .debug_abbrev  0x0000000000000000      0x2c4 ./Core/Src/main.o
 .debug_abbrev  0x00000000000002c4      0x1cc ./Core/Src/stm32f3xx_hal_msp.o
 .debug_abbrev  0x0000000000000490       0x74 ./Core/Src/stm32f3xx_it.o
 .debug_abbrev  0x0000000000000504       0xbb ./Core/Src/sysmem.o
 .debug_abbrev  0x00000000000005bf      0x116 ./Core/Src/system_stm32f3xx.o
 .debug_abbrev  0x00000000000006d5       0x12 ./Core/Startup/startup_stm32f303k8tx.o
 .debug_abbrev  0x00000000000006e7      0x20e ./Drivers/STM32F3xx_HAL_Driver/Src/stm32f3xx_hal.o
 .debug_abbrev  0x00000000000008f5      0x204 ./Drivers/STM32F3xx_HAL_Driver/Src/stm32f3xx_hal_can.o
 .debug_abbrev  0x0000000000000af9      0x2ed ./Drivers/STM32F3xx_HAL_Driver/Src/stm32f3xx_hal_cortex.o
 .debug_abbrev  0x0000000000000de6      0x1bb ./Drivers/STM32F3xx_HAL_Driver/Src/stm32f3xx_hal_gpio.o
 .debug_abbrev  0x0000000000000fa1      0x2f9 ./Drivers/STM32F3xx_HAL_Driver/Src/stm32f3xx_hal_rcc.o
 .debug_abbrev  0x000000000000129a      0x254 ./Drivers/STM32F3xx_HAL_Driver/Src/stm32f3xx_hal_spi.o
 .debug_abbrev  0x00000000000014ee      0x2bc ./Drivers/STM32F3xx_HAL_Driver/Src/stm32f3xx_hal_uart.o

.debug_aranges  0x0000000000000000      0x968
 .debug_aranges
                0x0000000000000000       0x50 ./Core/Src/main.o
 .debug_aranges
                0x0000000000000050       0x50 ./Core/Src/stm32f3xx_hal_msp.o
 .debug_aranges
                0x00000000000000a0       0x60 ./Core/Src/stm32f3xx_it.o
 .debug_aranges
                0x0000000000000100       0x20 ./Core/Src/sysmem.o
 .debug_aranges
                0x0000000000000120       0x28 ./Core/Src/system_stm32f3xx.o
 .debug_aranges
                0x0000000000000148       0x28 ./Core/Startup/startup_stm32f303k8tx.o
 .debug_aranges
                0x0000000000000170       0xe0 ./Drivers/STM32F3xx_HAL_Driver/Src/stm32f3xx_hal.o
 .debug_aranges
                0x0000000000000250      0x138 ./Drivers/STM32F3xx_HAL_Driver/Src/stm32f3xx_hal_can.o
 .debug_aranges
                0x0000000000000388      0x100 ./Drivers/STM32F3xx_HAL_Driver/Src/stm32f3xx_hal_cortex.o
 .debug_aranges
                0x0000000000000488       0x58 ./Drivers/STM32F3xx_HAL_Driver/Src/stm32f3xx_hal_gpio.o
 .debug_aranges
                0x00000000000004e0       0x88 ./Drivers/STM32F3xx_HAL_Driver/Src/stm32f3xx_hal_rcc.o
 .debug_aranges
                0x0000000000000568      0x1d8 ./Drivers/STM32F3xx_HAL_Driver/Src/stm32f3xx_hal_spi.o
 .debug_aranges
                0x0000000000000740      0x228 ./Drivers/STM32F3xx_HAL_Driver/Src/stm32f3xx_hal_uart.o

.debug_ranges   0x0000000000000000      0x8d0
 .debug_ranges  0x0000000000000000       0x40 ./Core/Src/main.o
 .debug_ranges  0x0000000000000040       0x40 ./Core/Src/stm32f3xx_hal_msp.o
 .debug_ranges  0x0000000000000080       0x50 ./Core/Src/stm32f3xx_it.o
 .debug_ranges  0x00000000000000d0       0x10 ./Core/Src/sysmem.o
 .debug_ranges  0x00000000000000e0       0x18 ./Core/Src/system_stm32f3xx.o
 .debug_ranges  0x00000000000000f8       0x20 ./Core/Startup/startup_stm32f303k8tx.o
 .debug_ranges  0x0000000000000118       0xd0 ./Drivers/STM32F3xx_HAL_Driver/Src/stm32f3xx_hal.o
 .debug_ranges  0x00000000000001e8      0x128 ./Drivers/STM32F3xx_HAL_Driver/Src/stm32f3xx_hal_can.o
 .debug_ranges  0x0000000000000310       0xf0 ./Drivers/STM32F3xx_HAL_Driver/Src/stm32f3xx_hal_cortex.o
 .debug_ranges  0x0000000000000400       0x48 ./Drivers/STM32F3xx_HAL_Driver/Src/stm32f3xx_hal_gpio.o
 .debug_ranges  0x0000000000000448       0x78 ./Drivers/STM32F3xx_HAL_Driver/Src/stm32f3xx_hal_rcc.o
 .debug_ranges  0x00000000000004c0      0x1c8 ./Drivers/STM32F3xx_HAL_Driver/Src/stm32f3xx_hal_spi.o
 .debug_ranges  0x0000000000000688      0x248 ./Drivers/STM32F3xx_HAL_Driver/Src/stm32f3xx_hal_uart.o

.debug_macro    0x0000000000000000    0x1b22a
 .debug_macro   0x0000000000000000      0x36e ./Core/Src/main.o
 .debug_macro   0x000000000000036e      0xa78 ./Core/Src/main.o
 .debug_macro   0x0000000000000de6      0x15d ./Core/Src/main.o
 .debug_macro   0x0000000000000f43       0x2e ./Core/Src/main.o
 .debug_macro   0x0000000000000f71       0x28 ./Core/Src/main.o
 .debug_macro   0x0000000000000f99       0x22 ./Core/Src/main.o
 .debug_macro   0x0000000000000fbb       0x8e ./Core/Src/main.o
 .debug_macro   0x0000000000001049       0x51 ./Core/Src/main.o
 .debug_macro   0x000000000000109a      0x103 ./Core/Src/main.o
 .debug_macro   0x000000000000119d       0x6a ./Core/Src/main.o
 .debug_macro   0x0000000000001207      0x1df ./Core/Src/main.o
 .debug_macro   0x00000000000013e6       0x1c ./Core/Src/main.o
 .debug_macro   0x0000000000001402       0x22 ./Core/Src/main.o
 .debug_macro   0x0000000000001424       0xd9 ./Core/Src/main.o
 .debug_macro   0x00000000000014fd      0xf07 ./Core/Src/main.o
 .debug_macro   0x0000000000002404    0x10be0 ./Core/Src/main.o
 .debug_macro   0x0000000000012fe4       0x6d ./Core/Src/main.o
 .debug_macro   0x0000000000013051     0x3558 ./Core/Src/main.o
 .debug_macro   0x00000000000165a9      0x174 ./Core/Src/main.o
 .debug_macro   0x000000000001671d       0x55 ./Core/Src/main.o
 .debug_macro   0x0000000000016772      0x8f8 ./Core/Src/main.o
 .debug_macro   0x000000000001706a      0x304 ./Core/Src/main.o
 .debug_macro   0x000000000001736e      0x1b5 ./Core/Src/main.o
 .debug_macro   0x0000000000017523      0x11b ./Core/Src/main.o
 .debug_macro   0x000000000001763e      0x1d5 ./Core/Src/main.o
 .debug_macro   0x0000000000017813      0x1bc ./Core/Src/main.o
 .debug_macro   0x00000000000179cf       0x34 ./Core/Src/main.o
 .debug_macro   0x0000000000017a03       0x3c ./Core/Src/main.o
 .debug_macro   0x0000000000017a3f       0x57 ./Core/Src/main.o
 .debug_macro   0x0000000000017a96      0x408 ./Core/Src/main.o
 .debug_macro   0x0000000000017e9e       0xc5 ./Core/Src/main.o
 .debug_macro   0x0000000000017f63      0x19f ./Core/Src/main.o
 .debug_macro   0x0000000000018102      0x22c ./Core/Src/main.o
 .debug_macro   0x000000000001832e       0x5b ./Core/Src/main.o
 .debug_macro   0x0000000000018389       0xa5 ./Core/Src/main.o
 .debug_macro   0x000000000001842e       0x81 ./Core/Src/main.o
 .debug_macro   0x00000000000184af       0xd3 ./Core/Src/main.o
 .debug_macro   0x0000000000018582      0x2fe ./Core/Src/main.o
 .debug_macro   0x0000000000018880      0x5ba ./Core/Src/main.o
 .debug_macro   0x0000000000018e3a       0x44 ./Core/Src/main.o
 .debug_macro   0x0000000000018e7e      0x285 ./Core/Src/main.o
 .debug_macro   0x0000000000019103       0x40 ./Core/Src/main.o
 .debug_macro   0x0000000000019143       0x52 ./Core/Src/main.o
 .debug_macro   0x0000000000019195       0x1e ./Core/Src/main.o
 .debug_macro   0x00000000000191b3       0x3c ./Core/Src/main.o
 .debug_macro   0x00000000000191ef       0x34 ./Core/Src/main.o
 .debug_macro   0x0000000000019223       0x16 ./Core/Src/main.o
 .debug_macro   0x0000000000019239       0x43 ./Core/Src/main.o
 .debug_macro   0x000000000001927c       0x34 ./Core/Src/main.o
 .debug_macro   0x00000000000192b0       0x10 ./Core/Src/main.o
 .debug_macro   0x00000000000192c0       0x58 ./Core/Src/main.o
 .debug_macro   0x0000000000019318       0x71 ./Core/Src/main.o
 .debug_macro   0x0000000000019389       0x1c ./Core/Src/main.o
 .debug_macro   0x00000000000193a5      0x12a ./Core/Src/main.o
 .debug_macro   0x00000000000194cf      0x341 ./Core/Src/main.o
 .debug_macro   0x0000000000019810       0x10 ./Core/Src/main.o
 .debug_macro   0x0000000000019820       0x35 ./Core/Src/main.o
 .debug_macro   0x0000000000019855       0x20 ./Core/Src/main.o
 .debug_macro   0x0000000000019875       0x1c ./Core/Src/main.o
 .debug_macro   0x0000000000019891       0x10 ./Core/Src/main.o
 .debug_macro   0x00000000000198a1       0x10 ./Core/Src/main.o
 .debug_macro   0x00000000000198b1       0x1c ./Core/Src/main.o
 .debug_macro   0x00000000000198cd       0x52 ./Core/Src/main.o
 .debug_macro   0x000000000001991f       0x22 ./Core/Src/main.o
 .debug_macro   0x0000000000019941       0x10 ./Core/Src/main.o
 .debug_macro   0x0000000000019951       0x52 ./Core/Src/main.o
 .debug_macro   0x00000000000199a3       0xd5 ./Core/Src/main.o
 .debug_macro   0x0000000000019a78       0x1c ./Core/Src/main.o
 .debug_macro   0x0000000000019a94       0x3d ./Core/Src/main.o
 .debug_macro   0x0000000000019ad1       0x16 ./Core/Src/main.o
 .debug_macro   0x0000000000019ae7      0x145 ./Core/Src/main.o
 .debug_macro   0x0000000000019c2c      0x1df ./Core/Src/stm32f3xx_hal_msp.o
 .debug_macro   0x0000000000019e0b      0x1e9 ./Core/Src/stm32f3xx_it.o
 .debug_macro   0x0000000000019ff4       0xff ./Core/Src/sysmem.o
 .debug_macro   0x000000000001a0f3      0x23b ./Core/Src/sysmem.o
 .debug_macro   0x000000000001a32e      0x1d0 ./Core/Src/system_stm32f3xx.o
 .debug_macro   0x000000000001a4fe      0x1f4 ./Drivers/STM32F3xx_HAL_Driver/Src/stm32f3xx_hal.o
 .debug_macro   0x000000000001a6f2      0x1d8 ./Drivers/STM32F3xx_HAL_Driver/Src/stm32f3xx_hal_can.o
 .debug_macro   0x000000000001a8ca      0x1d0 ./Drivers/STM32F3xx_HAL_Driver/Src/stm32f3xx_hal_cortex.o
 .debug_macro   0x000000000001aa9a      0x1d7 ./Drivers/STM32F3xx_HAL_Driver/Src/stm32f3xx_hal_gpio.o
 .debug_macro   0x000000000001ac71      0x1f4 ./Drivers/STM32F3xx_HAL_Driver/Src/stm32f3xx_hal_rcc.o
 .debug_macro   0x000000000001ae65      0x1d8 ./Drivers/STM32F3xx_HAL_Driver/Src/stm32f3xx_hal_spi.o
 .debug_macro   0x000000000001b03d      0x1ed ./Drivers/STM32F3xx_HAL_Driver/Src/stm32f3xx_hal_uart.o

.debug_line     0x0000000000000000     0xbd0b
 .debug_line    0x0000000000000000      0xc84 ./Core/Src/main.o
 .debug_line    0x0000000000000c84      0x7d5 ./Core/Src/stm32f3xx_hal_msp.o
 .debug_line    0x0000000000001459      0x7b1 ./Core/Src/stm32f3xx_it.o
 .debug_line    0x0000000000001c0a      0x4ea ./Core/Src/sysmem.o
 .debug_line    0x00000000000020f4      0x765 ./Core/Src/system_stm32f3xx.o
 .debug_line    0x0000000000002859       0x88 ./Core/Startup/startup_stm32f303k8tx.o
 .debug_line    0x00000000000028e1      0x99a ./Drivers/STM32F3xx_HAL_Driver/Src/stm32f3xx_hal.o
 .debug_line    0x000000000000327b     0x113f ./Drivers/STM32F3xx_HAL_Driver/Src/stm32f3xx_hal_can.o
 .debug_line    0x00000000000043ba      0xb82 ./Drivers/STM32F3xx_HAL_Driver/Src/stm32f3xx_hal_cortex.o
 .debug_line    0x0000000000004f3c      0xae5 ./Drivers/STM32F3xx_HAL_Driver/Src/stm32f3xx_hal_gpio.o
 .debug_line    0x0000000000005a21     0x1377 ./Drivers/STM32F3xx_HAL_Driver/Src/stm32f3xx_hal_rcc.o
 .debug_line    0x0000000000006d98     0x1f12 ./Drivers/STM32F3xx_HAL_Driver/Src/stm32f3xx_hal_spi.o
 .debug_line    0x0000000000008caa     0x3061 ./Drivers/STM32F3xx_HAL_Driver/Src/stm32f3xx_hal_uart.o

.debug_str      0x0000000000000000    0x9f8d8
 .debug_str     0x0000000000000000    0x9d231 ./Core/Src/main.o
                                      0x9d584 (size before relaxing)
 .debug_str     0x000000000009d231       0xaf ./Core/Src/stm32f3xx_hal_msp.o
                                      0x994b8 (size before relaxing)
 .debug_str     0x000000000009d2e0       0xc9 ./Core/Src/stm32f3xx_it.o
                                      0x98bc1 (size before relaxing)
 .debug_str     0x000000000009d3a9      0x4da ./Core/Src/sysmem.o
                                       0x5dbb (size before relaxing)
 .debug_str     0x000000000009d883       0xdf ./Core/Src/system_stm32f3xx.o
                                      0x98b76 (size before relaxing)
 .debug_str     0x000000000009d962       0x36 ./Core/Startup/startup_stm32f303k8tx.o
                                         0x7d (size before relaxing)
 .debug_str     0x000000000009d998      0x5e9 ./Drivers/STM32F3xx_HAL_Driver/Src/stm32f3xx_hal.o
                                      0x99266 (size before relaxing)
 .debug_str     0x000000000009df81      0x4ea ./Drivers/STM32F3xx_HAL_Driver/Src/stm32f3xx_hal_can.o
                                      0x992fd (size before relaxing)
 .debug_str     0x000000000009e46b      0x23f ./Drivers/STM32F3xx_HAL_Driver/Src/stm32f3xx_hal_cortex.o
                                      0x9918b (size before relaxing)
 .debug_str     0x000000000009e6aa      0x17f ./Drivers/STM32F3xx_HAL_Driver/Src/stm32f3xx_hal_gpio.o
                                      0x98d55 (size before relaxing)
 .debug_str     0x000000000009e829      0x2c3 ./Drivers/STM32F3xx_HAL_Driver/Src/stm32f3xx_hal_rcc.o
                                      0x99016 (size before relaxing)
 .debug_str     0x000000000009eaec      0x59b ./Drivers/STM32F3xx_HAL_Driver/Src/stm32f3xx_hal_spi.o
                                      0x9948e (size before relaxing)
 .debug_str     0x000000000009f087      0x851 ./Drivers/STM32F3xx_HAL_Driver/Src/stm32f3xx_hal_uart.o
                                      0x99899 (size before relaxing)

.comment        0x0000000000000000       0x50
 .comment       0x0000000000000000       0x50 ./Core/Src/main.o
                                         0x51 (size before relaxing)
 .comment       0x0000000000000050       0x51 ./Core/Src/stm32f3xx_hal_msp.o
 .comment       0x0000000000000050       0x51 ./Core/Src/stm32f3xx_it.o
 .comment       0x0000000000000050       0x51 ./Core/Src/sysmem.o
 .comment       0x0000000000000050       0x51 ./Core/Src/system_stm32f3xx.o
 .comment       0x0000000000000050       0x51 ./Drivers/STM32F3xx_HAL_Driver/Src/stm32f3xx_hal.o
 .comment       0x0000000000000050       0x51 ./Drivers/STM32F3xx_HAL_Driver/Src/stm32f3xx_hal_can.o
 .comment       0x0000000000000050       0x51 ./Drivers/STM32F3xx_HAL_Driver/Src/stm32f3xx_hal_cortex.o
 .comment       0x0000000000000050       0x51 ./Drivers/STM32F3xx_HAL_Driver/Src/stm32f3xx_hal_gpio.o
 .comment       0x0000000000000050       0x51 ./Drivers/STM32F3xx_HAL_Driver/Src/stm32f3xx_hal_rcc.o
 .comment       0x0000000000000050       0x51 ./Drivers/STM32F3xx_HAL_Driver/Src/stm32f3xx_hal_spi.o
 .comment       0x0000000000000050       0x51 ./Drivers/STM32F3xx_HAL_Driver/Src/stm32f3xx_hal_uart.o

.debug_frame    0x0000000000000000     0x2a90
 .debug_frame   0x0000000000000000       0xec ./Core/Src/main.o
 .debug_frame   0x00000000000000ec      0x110 ./Core/Src/stm32f3xx_hal_msp.o
 .debug_frame   0x00000000000001fc      0x104 ./Core/Src/stm32f3xx_it.o
 .debug_frame   0x0000000000000300       0x34 ./Core/Src/sysmem.o
 .debug_frame   0x0000000000000334       0x58 ./Core/Src/system_stm32f3xx.o
 .debug_frame   0x000000000000038c      0x334 ./Drivers/STM32F3xx_HAL_Driver/Src/stm32f3xx_hal.o
 .debug_frame   0x00000000000006c0      0x5a0 ./Drivers/STM32F3xx_HAL_Driver/Src/stm32f3xx_hal_can.o
 .debug_frame   0x0000000000000c60      0x428 ./Drivers/STM32F3xx_HAL_Driver/Src/stm32f3xx_hal_cortex.o
 .debug_frame   0x0000000000001088      0x14c ./Drivers/STM32F3xx_HAL_Driver/Src/stm32f3xx_hal_gpio.o
 .debug_frame   0x00000000000011d4      0x214 ./Drivers/STM32F3xx_HAL_Driver/Src/stm32f3xx_hal_rcc.o
 .debug_frame   0x00000000000013e8      0x860 ./Drivers/STM32F3xx_HAL_Driver/Src/stm32f3xx_hal_spi.o
 .debug_frame   0x0000000000001c48      0x9e8 ./Drivers/STM32F3xx_HAL_Driver/Src/stm32f3xx_hal_uart.o
 .debug_frame   0x0000000000002630       0x20 c:/st/stm32cubeide_1.10.1/stm32cubeide/plugins/com.st.stm32cube.ide.mcu.externaltools.gnu-tools-for-stm32.10.3-2021.10.win32_1.0.0.202111181127/tools/bin/../lib/gcc/arm-none-eabi/10.3.1/../../../../arm-none-eabi/lib/thumb/v7e-m+fp/hard\libc_nano.a(lib_a-errno.o)
 .debug_frame   0x0000000000002650       0x2c c:/st/stm32cubeide_1.10.1/stm32cubeide/plugins/com.st.stm32cube.ide.mcu.externaltools.gnu-tools-for-stm32.10.3-2021.10.win32_1.0.0.202111181127/tools/bin/../lib/gcc/arm-none-eabi/10.3.1/../../../../arm-none-eabi/lib/thumb/v7e-m+fp/hard\libc_nano.a(lib_a-init.o)
 .debug_frame   0x000000000000267c       0x20 c:/st/stm32cubeide_1.10.1/stm32cubeide/plugins/com.st.stm32cube.ide.mcu.externaltools.gnu-tools-for-stm32.10.3-2021.10.win32_1.0.0.202111181127/tools/bin/../lib/gcc/arm-none-eabi/10.3.1/../../../../arm-none-eabi/lib/thumb/v7e-m+fp/hard\libc_nano.a(lib_a-memset.o)
 .debug_frame   0x000000000000269c       0x6c c:/st/stm32cubeide_1.10.1/stm32cubeide/plugins/com.st.stm32cube.ide.mcu.externaltools.gnu-tools-for-stm32.10.3-2021.10.win32_1.0.0.202111181127/tools/bin/../lib/gcc/arm-none-eabi/10.3.1/../../../../arm-none-eabi/lib/thumb/v7e-m+fp/hard\libc_nano.a(lib_a-sprintf.o)
 .debug_frame   0x0000000000002708       0x90 c:/st/stm32cubeide_1.10.1/stm32cubeide/plugins/com.st.stm32cube.ide.mcu.externaltools.gnu-tools-for-stm32.10.3-2021.10.win32_1.0.0.202111181127/tools/bin/../lib/gcc/arm-none-eabi/10.3.1/../../../../arm-none-eabi/lib/thumb/v7e-m+fp/hard\libc_nano.a(lib_a-nano-svfprintf.o)
 .debug_frame   0x0000000000002798       0x60 c:/st/stm32cubeide_1.10.1/stm32cubeide/plugins/com.st.stm32cube.ide.mcu.externaltools.gnu-tools-for-stm32.10.3-2021.10.win32_1.0.0.202111181127/tools/bin/../lib/gcc/arm-none-eabi/10.3.1/../../../../arm-none-eabi/lib/thumb/v7e-m+fp/hard\libc_nano.a(lib_a-nano-vfprintf_i.o)
 .debug_frame   0x00000000000027f8       0x28 c:/st/stm32cubeide_1.10.1/stm32cubeide/plugins/com.st.stm32cube.ide.mcu.externaltools.gnu-tools-for-stm32.10.3-2021.10.win32_1.0.0.202111181127/tools/bin/../lib/gcc/arm-none-eabi/10.3.1/../../../../arm-none-eabi/lib/thumb/v7e-m+fp/hard\libc_nano.a(lib_a-memcpy-stub.o)
 .debug_frame   0x0000000000002820       0x28 c:/st/stm32cubeide_1.10.1/stm32cubeide/plugins/com.st.stm32cube.ide.mcu.externaltools.gnu-tools-for-stm32.10.3-2021.10.win32_1.0.0.202111181127/tools/bin/../lib/gcc/arm-none-eabi/10.3.1/../../../../arm-none-eabi/lib/thumb/v7e-m+fp/hard\libc_nano.a(lib_a-memmove.o)
 .debug_frame   0x0000000000002848       0x38 c:/st/stm32cubeide_1.10.1/stm32cubeide/plugins/com.st.stm32cube.ide.mcu.externaltools.gnu-tools-for-stm32.10.3-2021.10.win32_1.0.0.202111181127/tools/bin/../lib/gcc/arm-none-eabi/10.3.1/../../../../arm-none-eabi/lib/thumb/v7e-m+fp/hard\libc_nano.a(lib_a-nano-freer.o)
 .debug_frame   0x0000000000002880       0x4c c:/st/stm32cubeide_1.10.1/stm32cubeide/plugins/com.st.stm32cube.ide.mcu.externaltools.gnu-tools-for-stm32.10.3-2021.10.win32_1.0.0.202111181127/tools/bin/../lib/gcc/arm-none-eabi/10.3.1/../../../../arm-none-eabi/lib/thumb/v7e-m+fp/hard\libc_nano.a(lib_a-nano-mallocr.o)
 .debug_frame   0x00000000000028cc       0x3c c:/st/stm32cubeide_1.10.1/stm32cubeide/plugins/com.st.stm32cube.ide.mcu.externaltools.gnu-tools-for-stm32.10.3-2021.10.win32_1.0.0.202111181127/tools/bin/../lib/gcc/arm-none-eabi/10.3.1/../../../../arm-none-eabi/lib/thumb/v7e-m+fp/hard\libc_nano.a(lib_a-nano-reallocr.o)
 .debug_frame   0x0000000000002908       0x2c c:/st/stm32cubeide_1.10.1/stm32cubeide/plugins/com.st.stm32cube.ide.mcu.externaltools.gnu-tools-for-stm32.10.3-2021.10.win32_1.0.0.202111181127/tools/bin/../lib/gcc/arm-none-eabi/10.3.1/../../../../arm-none-eabi/lib/thumb/v7e-m+fp/hard\libc_nano.a(lib_a-sbrkr.o)
 .debug_frame   0x0000000000002934       0x30 c:/st/stm32cubeide_1.10.1/stm32cubeide/plugins/com.st.stm32cube.ide.mcu.externaltools.gnu-tools-for-stm32.10.3-2021.10.win32_1.0.0.202111181127/tools/bin/../lib/gcc/arm-none-eabi/10.3.1/../../../../arm-none-eabi/lib/thumb/v7e-m+fp/hard\libc_nano.a(lib_a-mlock.o)
 .debug_frame   0x0000000000002964       0x20 c:/st/stm32cubeide_1.10.1/stm32cubeide/plugins/com.st.stm32cube.ide.mcu.externaltools.gnu-tools-for-stm32.10.3-2021.10.win32_1.0.0.202111181127/tools/bin/../lib/gcc/arm-none-eabi/10.3.1/../../../../arm-none-eabi/lib/thumb/v7e-m+fp/hard\libc_nano.a(lib_a-nano-msizer.o)
 .debug_frame   0x0000000000002984       0x5c c:/st/stm32cubeide_1.10.1/stm32cubeide/plugins/com.st.stm32cube.ide.mcu.externaltools.gnu-tools-for-stm32.10.3-2021.10.win32_1.0.0.202111181127/tools/bin/../lib/gcc/arm-none-eabi/10.3.1/../../../../arm-none-eabi/lib/thumb/v7e-m+fp/hard\libc_nano.a(lib_a-reent.o)
 .debug_frame   0x00000000000029e0       0xb0 c:/st/stm32cubeide_1.10.1/stm32cubeide/plugins/com.st.stm32cube.ide.mcu.externaltools.gnu-tools-for-stm32.10.3-2021.10.win32_1.0.0.202111181127/tools/bin/../lib/gcc/arm-none-eabi/10.3.1/../../../../arm-none-eabi/lib/thumb/v7e-m+fp/hard\libc_nano.a(lib_a-lock.o)
